<html>
<body>
<pre>
<h1>礦ision Build Log</h1>
<h2>Tool Versions:</h2>
IDE-Version: μVision V5.34.0.0
Copyright (C) 2021 ARM Ltd and ARM Germany GmbH. All rights reserved.
License Information: HE HE, HE, LIC=PE7DL-07GEI-X7MRZ-JD762-KJDCE-SY6HZ
 
Tool Versions:
Toolchain:       MDK-ARM Plus  Version: 5.34.0.0
Toolchain Path:  D:\keil_MDK5.34\keil_software\ARM\ARMCC\Bin
C Compiler:      Armcc.exe V5.06 update 7 (build 960)
Assembler:       Armasm.exe V5.06 update 7 (build 960)
Linker/Locator:  ArmLink.exe V5.06 update 7 (build 960)
Library Manager: ArmAr.exe V5.06 update 7 (build 960)
Hex Converter:   FromElf.exe V5.06 update 7 (build 960)
CPU DLL:         SARMCM3.DLL V5.34.0.0
Dialog DLL:      DARMSTM.DLL V1.68.0.0
Target DLL:      CMSIS_AGDI.dll V1.32.13.0
Dialog DLL:      TARMSTM.DLL V1.66.0.0
 
<h2>Project:</h2>
E:\Codespace\keyboard\project\HID_test _key +fatfs\HID调试4 键盘\实验4 串口实验\USER\USART.uvprojx
Project File Date:  08/18/2023

<h2>Output:</h2>
*** Using Compiler 'V5.06 update 7 (build 960)', folder: 'D:\keil_MDK5.34\keil_software\ARM\ARMCC\Bin'
Build target 'USART'
Note: source file '..\FATFS\source\malloc.c' - object file renamed from '..\OBJ\malloc.o' to '..\OBJ\malloc_1.o'.
compiling main.c...
..\HARDWARE\MatrixKeys\MatrixKeys.h(56): warning:  #1295-D: Deprecated declaration MK_init - give arg types
  void MK_init();
..\HARDWARE\MatrixKeys\MatrixKeys.h(62): warning:  #1-D: last line of file ends without a newline
  #endif
..\HARDWARE\EC11\EC11.h(42): warning:  #1-D: last line of file ends without a newline
  #endif
main.c: 3 warnings, 0 errors
linking...
Program Size: Code=41080 RO-data=175640 RW-data=2696 ZI-data=60152  
FromELF: creating hex file...
"..\OBJ\USART.axf" - 0 Error(s), 3 Warning(s).

<h2>Software Packages used:</h2>

Package Vendor: Keil
                http://www.keil.com/pack/Keil.STM32F1xx_DFP.2.3.0.pack
                Keil.STM32F1xx_DFP.2.3.0
                STMicroelectronics STM32F1 Series Device Support, Drivers and Examples

<h2>Collection of Component include folders:</h2>
  D:\keil_MDK5.34\keil_Pack\Keil\STM32F1xx_DFP\2.3.0\Device\Include

<h2>Collection of Component Files used:</h2>
Build Time Elapsed:  00:00:02
</pre>
</body>
</html>
