Component: ARM Compiler 5.06 update 7 (build 960) Tool: armlink [4d3601]

==============================================================================

Section Cross References

    main.o(.text) refers to usb_sil.o(.text) for USB_SIL_Write
    main.o(.text) refers to usb_regs.o(.text) for SetEPTxValid
    main.o(.text) refers to ec11.o(.text) for get_angel
    main.o(.text) refers to misc.o(.text) for NVIC_PriorityGroupConfig
    main.o(.text) refers to usart.o(.text) for uart_init
    main.o(.text) refers to delay.o(.text) for delay_init
    main.o(.text) refers to oled.o(.text) for OLED_Init
    main.o(.text) refers to hw_config.o(.text) for Set_System
    main.o(.text) refers to usb_init.o(.text) for USB_Init
    main.o(.text) refers to matrixkeys.o(.text) for MK_init
    main.o(.text) refers to w25qxx.o(.text) for W25QXX_Write_Enable
    main.o(.text) refers to myfatfs.o(.text) for fatfs_init
    main.o(.text) refers to main.o(.data) for buffer
    main.o(.text) refers to main.o(.bss) for read_data
    system_stm32f10x.o(.text) refers to system_stm32f10x.o(.data) for SystemCoreClock
    matrixkeys.o(.text) refers to stm32f10x_rcc.o(.text) for RCC_APB2PeriphClockCmd
    matrixkeys.o(.text) refers to stm32f10x_gpio.o(.text) for GPIO_Init
    matrixkeys.o(.text) refers to main.o(.text) for MK_on_keydown
    matrixkeys.o(.text) refers to matrixkeys.o(.data) for key_state
    oled.o(.text) refers to stm32f10x_spi.o(.text) for SPI_Init
    oled.o(.text) refers to stm32f10x_rcc.o(.text) for RCC_AHBPeriphClockCmd
    oled.o(.text) refers to stm32f10x_dma.o(.text) for DMA_DeInit
    oled.o(.text) refers to stm32f10x_gpio.o(.text) for GPIO_ResetBits
    oled.o(.text) refers to delay.o(.text) for delay_ms
    oled.o(.text) refers to oled.o(.bss) for OLED_GRAM
    oled.o(.text) refers to oled.o(.data) for oled_cs_pins
    ec11.o(.text) refers to stm32f10x_rcc.o(.text) for RCC_APB2PeriphClockCmd
    ec11.o(.text) refers to stm32f10x_gpio.o(.text) for GPIO_Init
    ec11.o(.text) refers to stm32f10x_exti.o(.text) for EXTI_Init
    ec11.o(.text) refers to misc.o(.text) for NVIC_PriorityGroupConfig
    ec11.o(.text) refers to printf3.o(i.__0printf$3) for __2printf
    ec11.o(.text) refers to ec11.o(.data) for angel_count
    w25qxx.o(.text) refers to stm32f10x_spi.o(.text) for SPI_I2S_GetFlagStatus
    w25qxx.o(.text) refers to stm32f10x_rcc.o(.text) for RCC_APB1PeriphClockCmd
    w25qxx.o(.text) refers to stm32f10x_gpio.o(.text) for GPIO_ResetBits
    w25qxx.o(.text) refers to w25qxx.o(.data) for W25QXX_TYPE
    w25qxx.o(.text) refers to w25qxx.o(.bss) for W25QXX_BUFFER
    w25qxx.o(.text) refers to delay.o(.text) for delay_us
    myfatfs.o(.text) refers to ff.o(.text) for f_mount
    myfatfs.o(.text) refers to printf3.o(i.__0printf$3) for __2printf
    myfatfs.o(.text) refers to delay.o(.text) for delay_ms
    myfatfs.o(.text) refers to myfatfs.o(.bss) for fsObject
    myfatfs.o(.text) refers to myfatfs.o(.data) for res
    delay.o(.text) refers to misc.o(.text) for SysTick_CLKSourceConfig
    delay.o(.text) refers to system_stm32f10x.o(.data) for SystemCoreClock
    delay.o(.text) refers to delay.o(.data) for fac_us
    usart.o(.text) refers to stm32f10x_rcc.o(.text) for RCC_APB2PeriphClockCmd
    usart.o(.text) refers to stm32f10x_gpio.o(.text) for GPIO_Init
    usart.o(.text) refers to misc.o(.text) for NVIC_Init
    usart.o(.text) refers to stm32f10x_usart.o(.text) for USART_Init
    usart.o(.text) refers to usart.o(.data) for USART_RX_STA
    usart.o(.text) refers to usart.o(.bss) for USART_RX_BUF
    startup_stm32f10x_hd.o(RESET) refers to startup_stm32f10x_hd.o(STACK) for __initial_sp
    startup_stm32f10x_hd.o(RESET) refers to startup_stm32f10x_hd.o(.text) for Reset_Handler
    startup_stm32f10x_hd.o(RESET) refers to stm32f10x_it.o(.text) for NMI_Handler
    startup_stm32f10x_hd.o(RESET) refers to ec11.o(.text) for EXTI1_IRQHandler
    startup_stm32f10x_hd.o(RESET) refers to stm32_it.o(.text) for USB_LP_CAN1_RX0_IRQHandler
    startup_stm32f10x_hd.o(RESET) refers to usart.o(.text) for USART1_IRQHandler
    startup_stm32f10x_hd.o(.text) refers to system_stm32f10x.o(.text) for SystemInit
    startup_stm32f10x_hd.o(.text) refers to entry.o(.ARM.Collect$$$$00000000) for __main
    stm32f10x_gpio.o(.text) refers to stm32f10x_rcc.o(.text) for RCC_APB2PeriphResetCmd
    stm32f10x_rcc.o(.text) refers to stm32f10x_rcc.o(.data) for APBAHBPrescTable
    stm32f10x_usart.o(.text) refers to stm32f10x_rcc.o(.text) for RCC_APB2PeriphResetCmd
    stm32f10x_spi.o(.text) refers to stm32f10x_rcc.o(.text) for RCC_APB2PeriphResetCmd
    hw_config.o(.text) refers to stm32f10x_exti.o(.text) for EXTI_ClearITPendingBit
    hw_config.o(.text) refers to stm32f10x_rcc.o(.text) for RCC_USBCLKConfig
    hw_config.o(.text) refers to system_stm32f10x.o(.text) for SystemInit
    hw_config.o(.text) refers to misc.o(.text) for NVIC_PriorityGroupConfig
    hw_config.o(.text) refers to hw_config.o(.data) for EXTI_InitStructure
[...]
    ..\CORE\startup_stm32f10x_hd.s           0x00000000   Number         0  startup_stm32f10x_hd.o ABSOLUTE
    ..\FATFS\source\diskio.c                 0x00000000   Number         0  diskio.o ABSOLUTE
    ..\FATFS\source\ff.c                     0x00000000   Number         0  ff.o ABSOLUTE
    ..\FATFS\source\ffunicode.c              0x00000000   Number         0  ffunicode.o ABSOLUTE
    ..\FATFS\source\malloc.c                 0x00000000   Number         0  malloc_1.o ABSOLUTE
    ..\HARDWARE\EC11\EC11.c                  0x00000000   Number         0  ec11.o ABSOLUTE
    ..\HARDWARE\MatrixKeys\MatrixKeys.c      0x00000000   Number         0  matrixkeys.o ABSOLUTE
    ..\HARDWARE\USER_FATFS\myfatfs.c         0x00000000   Number         0  myfatfs.o ABSOLUTE
    ..\HARDWARE\oled0.92\oled.c              0x00000000   Number         0  oled.o ABSOLUTE
    ..\HARDWARE\wq25xx\w25qxx.c              0x00000000   Number         0  w25qxx.o ABSOLUTE
    ..\STM32F10x_FWLib\src\misc.c            0x00000000   Number         0  misc.o ABSOLUTE
    ..\STM32F10x_FWLib\src\stm32f10x_dma.c   0x00000000   Number         0  stm32f10x_dma.o ABSOLUTE
    ..\STM32F10x_FWLib\src\stm32f10x_exti.c  0x00000000   Number         0  stm32f10x_exti.o ABSOLUTE
    ..\STM32F10x_FWLib\src\stm32f10x_gpio.c  0x00000000   Number         0  stm32f10x_gpio.o ABSOLUTE
    ..\STM32F10x_FWLib\src\stm32f10x_rcc.c   0x00000000   Number         0  stm32f10x_rcc.o ABSOLUTE
    ..\STM32F10x_FWLib\src\stm32f10x_spi.c   0x00000000   Number         0  stm32f10x_spi.o ABSOLUTE
    ..\STM32F10x_FWLib\src\stm32f10x_usart.c 0x00000000   Number         0  stm32f10x_usart.o ABSOLUTE
    ..\SYSTEM\delay\delay.c                  0x00000000   Number         0  delay.o ABSOLUTE
    ..\SYSTEM\sys\sys.c                      0x00000000   Number         0  sys.o ABSOLUTE
    ..\SYSTEM\usart\usart.c                  0x00000000   Number         0  usart.o ABSOLUTE
    ..\USB\Config\hw_config.c                0x00000000   Number         0  hw_config.o ABSOLUTE
    ..\USB\Config\stm32_it.c                 0x00000000   Number         0  stm32_it.o ABSOLUTE
    ..\USB\Config\usb_desc.c                 0x00000000   Number         0  usb_desc.o ABSOLUTE
    ..\USB\Config\usb_endp.c                 0x00000000   Number         0  usb_endp.o ABSOLUTE
    ..\USB\Config\usb_istr.c                 0x00000000   Number         0  usb_istr.o ABSOLUTE
    ..\USB\Config\usb_prop.c                 0x00000000   Number         0  usb_prop.o ABSOLUTE
    ..\USB\Config\usb_pwr.c                  0x00000000   Number         0  usb_pwr.o ABSOLUTE
    ..\USB\STM32_USB-FS-Device_Driver\src\usb_core.c 0x00000000   Number         0  usb_core.o ABSOLUTE
    ..\USB\STM32_USB-FS-Device_Driver\src\usb_init.c 0x00000000   Number         0  usb_init.o ABSOLUTE
    ..\USB\STM32_USB-FS-Device_Driver\src\usb_int.c 0x00000000   Number         0  usb_int.o ABSOLUTE
    ..\USB\STM32_USB-FS-Device_Driver\src\usb_mem.c 0x00000000   Number         0  usb_mem.o ABSOLUTE
    ..\USB\STM32_USB-FS-Device_Driver\src\usb_regs.c 0x00000000   Number         0  usb_regs.o ABSOLUTE
    ..\USB\STM32_USB-FS-Device_Driver\src\usb_sil.c 0x00000000   Number         0  usb_sil.o ABSOLUTE
    ..\\CORE\\core_cm3.c                     0x00000000   Number         0  core_cm3.o ABSOLUTE
    ..\\SYSTEM\\sys\\sys.c                   0x00000000   Number         0  sys.o ABSOLUTE
    cdrcmple.s                               0x00000000   Number         0  cdrcmple.o ABSOLUTE
    dc.s                                     0x00000000   Number         0  dc.o ABSOLUTE
    handlers.s                               0x00000000   Number         0  handlers.o ABSOLUTE
    init.s                                   0x00000000   Number         0  init.o ABSOLUTE
    main.c                                   0x00000000   Number         0  main.o ABSOLUTE
    stm32f10x_it.c                           0x00000000   Number         0  stm32f10x_it.o ABSOLUTE
    system_stm32f10x.c                       0x00000000   Number         0  system_stm32f10x.o ABSOLUTE
    RESET                                    0x08000000   Section      304  startup_stm32f10x_hd.o(RESET)
    .ARM.Collect$$$$00000000                 0x08000130   Section        0  entry.o(.ARM.Collect$$$$00000000)
    .ARM.Collect$$$$00000001                 0x08000130   Section        4  entry2.o(.ARM.Collect$$$$00000001)
    .ARM.Collect$$$$00000004                 0x08000134   Section        4  entry5.o(.ARM.Collect$$$$00000004)
    .ARM.Collect$$$$00000008                 0x08000138   Section        0  entry7b.o(.ARM.Collect$$$$00000008)
    .ARM.Collect$$$$0000000A                 0x08000138   Section        0  entry8b.o(.ARM.Collect$$$$0000000A)
    .ARM.Collect$$$$0000000B                 0x08000138   Section        8  entry9a.o(.ARM.Collect$$$$0000000B)
    .ARM.Collect$$$$0000000E                 0x08000140   Section        4  entry12b.o(.ARM.Collect$$$$0000000E)
    .ARM.Collect$$$$0000000F                 0x08000144   Section        0  entry10a.o(.ARM.Collect$$$$0000000F)
    .ARM.Collect$$$$00000011                 0x08000144   Section        0  entry11a.o(.ARM.Collect$$$$00000011)
    .ARM.Collect$$$$00002712                 0x08000144   Section        4  entry2.o(.ARM.Collect$$$$00002712)
    __lit__00000000                          0x08000144   Data           4  entry2.o(.ARM.Collect$$$$00002712)
    .text                                    0x08000148   Section        0  main.o(.text)
    .text                                    0x08000324   Section        0  stm32f10x_it.o(.text)
    .text                                    0x08000340   Section        0  system_stm32f10x.o(.text)
    SetSysClockTo72                          0x08000341   Thumb Code   214  system_stm32f10x.o(.text)
    SetSysClock                              0x08000417   Thumb Code     8  system_stm32f10x.o(.text)
    .text                                    0x08000520   Section        0  matrixkeys.o(.text)
    COL_STATE                                0x0800056b   Thumb Code    64  matrixkeys.o(.text)
    ROW_OUT                                  0x080005ab   Thumb Code   180  matrixkeys.o(.text)
    .text                                    0x08000704   Section        0  oled.o(.text)
    .text                                    0x08000bc0   Section        0  ec11.o(.text)
    .text                                    0x08000dc8   Section        0  w25qxx.o(.text)
    .text                                    0x08001228   Section        0  myfatfs.o(.text)
    .text                                    0x080013e4   Section        0  delay.o(.text)
    .text                                    0x080014b8   Section        0  usart.o(.text)
    .text                                    0x080015f4   Section       36  startup_stm32f10x_hd.o(.text)
    .text                                    0x08001618   Section        0  misc.o(.text)
    .text                                    0x080016f4   Section        0  stm32f10x_gpio.o(.text)
    .text                                    0x08001a50   Section        0  stm32f10x_rcc.o(.text)
    .text                                    0x08001df4   Section        0  stm32f10x_usart.o(.text)
    .text                                    0x080021fc   Section        0  stm32f10x_exti.o(.text)
    .text                                    0x08002318   Section        0  stm32f10x_spi.o(.text)
    .text                                    0x08002624   Section        0  stm32f10x_dma.o(.text)
    .text                                    0x08002878   Section        0  hw_config.o(.text)
    IntToUnicode                             0x08002907   Thumb Code    62  hw_config.o(.text)
    .text                                    0x08002984   Section        0  stm32_it.o(.text)
    .text                                    0x08002998   Section        0  usb_endp.o(.text)
    .text                                    0x080029a4   Section        0  usb_istr.o(.text)
    .text                                    0x08002b70   Section        0  usb_prop.o(.text)
    .text                                    0x08002d8c   Section        0  usb_pwr.o(.text)
    .text                                    0x08002fac   Section        0  usb_core.o(.text)
    DataStageOut                             0x080033eb   Thumb Code   166  usb_core.o(.text)
    DataStageIn                              0x08003491   Thumb Code   166  usb_core.o(.text)
    NoData_Setup0                            0x08003537   Thumb Code   290  usb_core.o(.text)
    Data_Setup0                              0x08003659   Thumb Code   678  usb_core.o(.text)
    .text                                    0x08003afc   Section        0  usb_init.o(.text)
    .text                                    0x08003b38   Section        0  usb_int.o(.text)
    .text                                    0x08003e74   Section        0  usb_mem.o(.text)
    .text                                    0x08003ed0   Section        0  usb_regs.o(.text)
    .text                                    0x080046d8   Section        0  usb_sil.o(.text)
    .text                                    0x08004758   Section        0  diskio.o(.text)
    .text                                    0x08004844   Section        0  ff.o(.text)
    ld_word                                  0x08004845   Thumb Code    12  ff.o(.text)
    ld_dword                                 0x08004851   Thumb Code    24  ff.o(.text)
    ld_qword                                 0x08004869   Thumb Code    98  ff.o(.text)
    st_word                                  0x080048cb   Thumb Code    12  ff.o(.text)
    st_dword                                 0x080048d7   Thumb Code    24  ff.o(.text)
    st_qword                                 0x080048ef   Thumb Code    92  ff.o(.text)
    dbc_1st                                  0x0800494b   Thumb Code    46  ff.o(.text)
    dbc_2nd                                  0x08004979   Thumb Code    66  ff.o(.text)
    tchar2uni                                0x080049bb   Thumb Code    76  ff.o(.text)
    put_utf                                  0x08004a07   Thumb Code    66  ff.o(.text)
    sync_window                              0x08004a49   Thumb Code    74  ff.o(.text)
    move_window                              0x08004a93   Thumb Code    52  ff.o(.text)
    sync_fs                                  0x08004ac7   Thumb Code   132  ff.o(.text)
    clst2sect                                0x08004b4b   Thumb Code    26  ff.o(.text)
    get_fat                                  0x08004b65   Thumb Code   404  ff.o(.text)
    put_fat                                  0x08004cf9   Thumb Code   338  ff.o(.text)
    find_bitmap                              0x08004e4b   Thumb Code   164  ff.o(.text)
    change_bitmap                            0x08004eef   Thumb Code   138  ff.o(.text)
    fill_first_frag                          0x08004f79   Thumb Code    54  ff.o(.text)
    fill_last_frag                           0x08004faf   Thumb Code    68  ff.o(.text)
    remove_chain                             0x08004ff3   Thumb Code   330  ff.o(.text)
    create_chain                             0x0800513d   Thumb Code   460  ff.o(.text)
    clmt_clust                               0x08005309   Thumb Code    98  ff.o(.text)
    dir_clear                                0x0800536b   Thumb Code   194  ff.o(.text)
    dir_sdi                                  0x0800542d   Thumb Code   170  ff.o(.text)
    dir_next                                 0x080054d7   Thumb Code   224  ff.o(.text)
    dir_alloc                                0x080055b7   Thumb Code   124  ff.o(.text)
    ld_clust                                 0x08005633   Thumb Code    38  ff.o(.text)
    st_clust                                 0x08005659   Thumb Code    36  ff.o(.text)
    cmp_lfn                                  0x0800567d   Thumb Code   148  ff.o(.text)
    pick_lfn                                 0x08005711   Thumb Code   136  ff.o(.text)
    put_lfn                                  0x08005799   Thumb Code   124  ff.o(.text)
    gen_numname                              0x08005815   Thumb Code   206  ff.o(.text)
    sum_sfn                                  0x080058e3   Thumb Code    32  ff.o(.text)
    xdir_sum                                 0x08005903   Thumb Code    58  ff.o(.text)
    xname_sum                                0x0800593d   Thumb Code    76  ff.o(.text)
    xsum32                                   0x08005989   Thumb Code    26  ff.o(.text)
    load_xdir                                0x080059a3   Thumb Code   280  ff.o(.text)
    init_alloc_info                          0x08005abb   Thumb Code    50  ff.o(.text)
    load_obj_xdir                            0x08005aed   Thumb Code    64  ff.o(.text)
    store_xdir                               0x08005b2d   Thumb Code   114  ff.o(.text)
    create_xdir                              0x08005b9f   Thumb Code   144  ff.o(.text)
    dir_read                                 0x08005c2f   Thumb Code   258  ff.o(.text)
    dir_find                                 0x08005d31   Thumb Code   424  ff.o(.text)
    dir_register                             0x08005ed9   Thumb Code   554  ff.o(.text)
    dir_remove                               0x08006103   Thumb Code   114  ff.o(.text)
    get_fileinfo                             0x08006175   Thumb Code   634  ff.o(.text)
    create_name                              0x080063ef   Thumb Code   584  ff.o(.text)
    follow_path                              0x08006637   Thumb Code   196  ff.o(.text)
    get_ldnumber                             0x080066fb   Thumb Code    78  ff.o(.text)
    check_fs                                 0x08006749   Thumb Code   284  ff.o(.text)
    find_volume                              0x08006865   Thumb Code   120  ff.o(.text)
    mount_volume                             0x080068dd   Thumb Code  1124  ff.o(.text)
    validate                                 0x08006d41   Thumb Code    60  ff.o(.text)
    create_partition                         0x0800875d   Thumb Code   346  ff.o(.text)
    putc_bfd                                 0x080096f7   Thumb Code    68  ff.o(.text)
    putc_flush                               0x0800973b   Thumb Code    44  ff.o(.text)
    putc_init                                0x08009767   Thumb Code    18  ff.o(.text)
    .text                                    0x08009a80   Section        0  ffunicode.o(.text)
    .text                                    0x08009c0c   Section        0  malloc_1.o(.text)
    my_mem_malloc                            0x08009c99   Thumb Code   154  malloc_1.o(.text)
    my_mem_free                              0x08009d33   Thumb Code    94  malloc_1.o(.text)
    .text                                    0x08009e28   Section        0  uldiv.o(.text)
    .text                                    0x08009e8a   Section        0  memcpya.o(.text)
    .text                                    0x08009eae   Section        0  memseta.o(.text)
    .text                                    0x08009ed2   Section        0  strchr.o(.text)
    .text                                    0x08009ee6   Section        0  memcmp.o(.text)
    .text                                    0x08009f00   Section        0  uidiv.o(.text)
    .text                                    0x08009f2c   Section        0  llshl.o(.text)
    .text                                    0x08009f4a   Section        0  llushr.o(.text)
    .text                                    0x08009f6c   Section       36  init.o(.text)
    .text                                    0x08009f90   Section        0  __dczerorl2.o(.text)
    i.__0printf$3                            0x08009fe8   Section        0  printf3.o(i.__0printf$3)
    i.__scatterload_copy                     0x0800a008   Section       14  handlers.o(i.__scatterload_copy)
    i.__scatterload_null                     0x0800a016   Section        2  handlers.o(i.__scatterload_null)
    i.__scatterload_zeroinit                 0x0800a018   Section       14  handlers.o(i.__scatterload_zeroinit)
    i._printf_core                           0x0800a028   Section        0  printf3.o(i._printf_core)
    _printf_core                             0x0800a029   Thumb Code   436  printf3.o(i._printf_core)
    .constdata                               0x0800a1e0   Section      169  usb_desc.o(.constdata)
    .constdata                               0x0800a28c   Section       88  ff.o(.constdata)
    LfnOfs                                   0x0800a28c   Data          13  ff.o(.constdata)
    DbcTbl                                   0x0800a299   Data          10  ff.o(.constdata)
    badchr                                   0x0800a2a3   Data          18  ff.o(.constdata)
    cst                                      0x0800a2b6   Data          14  ff.o(.constdata)
    cst32                                    0x0800a2c4   Data          14  ff.o(.constdata)
    defopt                                   0x0800a2d4   Data          16  ff.o(.constdata)
    .constdata                               0x0800a2e4   Section    175030  ffunicode.o(.constdata)
    uni2oem936                               0x0800a2e4   Data       87172  ffunicode.o(.constdata)
    oem2uni936                               0x0801f768   Data       87172  ffunicode.o(.constdata)
    cvt1                                     0x08034bec   Data         498  ffunicode.o(.constdata)
    cvt2                                     0x08034dde   Data         188  ffunicode.o(.constdata)
    .constdata                               0x08034e9c   Section       12  malloc_1.o(.constdata)
    .data                                    0x20000000   Section     2259  main.o(.data)
    oled_cs_pins                             0x20000000   Data           8  main.o(.data)
    .data                                    0x200008d4   Section       20  system_stm32f10x.o(.data)
    .data                                    0x200008e8   Section        2  matrixkeys.o(.data)
    key_state                                0x200008e8   Data           2  matrixkeys.o(.data)
    .data                                    0x200008ec   Section       12  oled.o(.data)
    oled_cs_pins                             0x200008ec   Data           8  oled.o(.data)
    .data                                    0x200008f8   Section       16  ec11.o(.data)
    oled_cs_pins                             0x200008f8   Data           8  ec11.o(.data)
    .data                                    0x20000908   Section        2  w25qxx.o(.data)
    .data                                    0x2000090c   Section       24  myfatfs.o(.data)
    .data                                    0x20000924   Section        4  delay.o(.data)
    fac_us                                   0x20000924   Data           1  delay.o(.data)
    fac_ms                                   0x20000926   Data           2  delay.o(.data)
    .data                                    0x20000928   Section        6  usart.o(.data)
    .data                                    0x2000092e   Section       20  stm32f10x_rcc.o(.data)
    APBAHBPrescTable                         0x2000092e   Data          16  stm32f10x_rcc.o(.data)
    ADCPrescTable                            0x2000093e   Data           4  stm32f10x_rcc.o(.data)
    .data                                    0x20000944   Section        8  hw_config.o(.data)
    .data                                    0x2000094c   Section       26  usb_desc.o(.data)
    .data                                    0x20000968   Section       68  usb_istr.o(.data)
    .data                                    0x200009ac   Section      156  usb_prop.o(.data)
    .data                                    0x20000a48   Section       12  usb_pwr.o(.data)
    .data                                    0x20000a54   Section        3  usb_core.o(.data)
    .data                                    0x20000a58   Section       20  usb_init.o(.data)
    .data                                    0x20000a6c   Section        4  usb_int.o(.data)
    .data                                    0x20000a70   Section        2  diskio.o(.data)
    .data                                    0x20000a74   Section        6  ff.o(.data)
    FatFs                                    0x20000a74   Data           4  ff.o(.data)
    Fsid                                     0x20000a78   Data           2  ff.o(.data)
    .data                                    0x20000a7c   Section       20  malloc_1.o(.data)
    .bss                                     0x20000a90   Section      512  main.o(.bss)
    .bss                                     0x20000c90   Section      832  oled.o(.bss)
    .bss                                     0x20000fd0   Section     4096  w25qxx.o(.bss)
    .bss                                     0x20001fd0   Section     5040  myfatfs.o(.bss)
    .bss                                     0x20003380   Section      200  usart.o(.bss)
    .bss                                     0x20003448   Section       32  usb_pwr.o(.bss)
    .bss                                     0x20003468   Section       28  usb_init.o(.bss)
    .bss                                     0x200034c0   Section    43520  malloc_1.o(.bss)
    mem1base                                 0x200034c0   Data       40960  malloc_1.o(.bss)
    mem1mapbase                              0x2000d4c0   Data        2560  malloc_1.o(.bss)
    STACK                                    0x2000dec0   Section     1536  startup_stm32f10x_hd.o(STACK)

    Global Symbols

    Symbol Name                              Value     Ov Type        Size  Object(Section)

    BuildAttributes$$THM_ISAv4$P$D$K$B$S$PE$A:L22UL41UL21$X:L11$S22US41US21$IEEE1$IW$USESV6$~STKCKD$USESV7$~SHL$OSPACE$ROPI$EBA8$MICROLIB$REQ8$PRES8$EABIv2 0x00000000   Number         0  anon$$obj.o ABSOLUTE
    __ARM_use_no_argv                        0x00000000   Number         0  main.o ABSOLUTE
    __use_no_errno                           0x00000000   Number         0  useno.o ABSOLUTE
    __use_no_exception_handling              0x00000000   Number         0  useno.o ABSOLUTE
    __use_no_fp                              0x00000000   Number         0  useno.o ABSOLUTE
    __use_no_heap                            0x00000000   Number         0  useno.o ABSOLUTE
    __use_no_heap_region                     0x00000000   Number         0  useno.o ABSOLUTE
    __use_no_semihosting                     0x00000000   Number         0  useno.o ABSOLUTE
    __use_no_semihosting_swi                 0x00000000   Number         0  useno.o ABSOLUTE
    __use_no_signal_handling                 0x00000000   Number         0  useno.o ABSOLUTE
    _printf_a                                0x00000000   Number         0  stubs.o ABSOLUTE
    _printf_c                                0x00000000   Number         0  stubs.o ABSOLUTE
    _printf_charcount                        0x00000000   Number         0  stubs.o ABSOLUTE
    _printf_d                                0x00000000   Number         0  stubs.o ABSOLUTE
    _printf_e                                0x00000000   Number         0  stubs.o ABSOLUTE
    _printf_f                                0x00000000   Number         0  stubs.o ABSOLUTE
    _printf_flags                            0x00000000   Number         0  stubs.o ABSOLUTE
    _printf_fp_dec                           0x00000000   Number         0  stubs.o ABSOLUTE
    _printf_fp_hex                           0x00000000   Number         0  stubs.o ABSOLUTE
    _printf_g                                0x00000000   Number         0  stubs.o ABSOLUTE
    _printf_i                                0x00000000   Number         0  stubs.o ABSOLUTE
    _printf_int_dec                          0x00000000   Number         0  stubs.o ABSOLUTE
    _printf_l                                0x00000000   Number         0  stubs.o ABSOLUTE
    _printf_lc                               0x00000000   Number         0  stubs.o ABSOLUTE
    _printf_ll                               0x00000000   Number         0  stubs.o ABSOLUTE
    _printf_lld                              0x00000000   Number         0  stubs.o ABSOLUTE
    _printf_lli                              0x00000000   Number         0  stubs.o ABSOLUTE
    _printf_llo                              0x00000000   Number         0  stubs.o ABSOLUTE
    _printf_llu                              0x00000000   Number         0  stubs.o ABSOLUTE
    _printf_llx                              0x00000000   Number         0  stubs.o ABSOLUTE
    _printf_longlong_dec                     0x00000000   Number         0  stubs.o ABSOLUTE
    _printf_longlong_hex                     0x00000000   Number         0  stubs.o ABSOLUTE
    _printf_longlong_oct                     0x00000000   Number         0  stubs.o ABSOLUTE
    _printf_ls                               0x00000000   Number         0  stubs.o ABSOLUTE
    _printf_mbtowc                           0x00000000   Number         0  stubs.o ABSOLUTE
    _printf_n                                0x00000000   Number         0  stubs.o ABSOLUTE
    _printf_o                                0x00000000   Number         0  stubs.o ABSOLUTE
    _printf_p                                0x00000000   Number         0  stubs.o ABSOLUTE
    _printf_percent                          0x00000000   Number         0  stubs.o ABSOLUTE
    _printf_pre_padding                      0x00000000   Number         0  stubs.o ABSOLUTE
    _printf_return_value                     0x00000000   Number         0  stubs.o ABSOLUTE
    _printf_s                                0x00000000   Number         0  stubs.o ABSOLUTE
    _printf_sizespec                         0x00000000   Number         0  stubs.o ABSOLUTE
    _printf_str                              0x00000000   Number         0  stubs.o ABSOLUTE
    _printf_truncate_signed                  0x00000000   Number         0  stubs.o ABSOLUTE
    _printf_truncate_unsigned                0x00000000   Number         0  stubs.o ABSOLUTE
    _printf_u                                0x00000000   Number         0  stubs.o ABSOLUTE
    _printf_wc                               0x00000000   Number         0  stubs.o ABSOLUTE
    _printf_wctomb                           0x00000000   Number         0  stubs.o ABSOLUTE
    _printf_widthprec                        0x00000000   Number         0  stubs.o ABSOLUTE
    _printf_x                                0x00000000   Number         0  stubs.o ABSOLUTE
    __arm_fini_                               - Undefined Weak Reference
    __cpp_initialize__aeabi_                  - Undefined Weak Reference
    __cxa_finalize                            - Undefined Weak Reference
    _clock_init                               - Undefined Weak Reference
    _microlib_exit                            - Undefined Weak Reference
    __Vectors_Size                           0x00000130   Number         0  startup_stm32f10x_hd.o ABSOLUTE
    __Vectors                                0x08000000   Data           4  startup_stm32f10x_hd.o(RESET)
    __Vectors_End                            0x08000130   Data           0  startup_stm32f10x_hd.o(RESET)
    __main                                   0x08000131   Thumb Code     0  entry.o(.ARM.Collect$$$$00000000)
    _main_stk                                0x08000131   Thumb Code     0  entry2.o(.ARM.Collect$$$$00000001)
    _main_scatterload                        0x08000135   Thumb Code     0  entry5.o(.ARM.Collect$$$$00000004)
    __main_after_scatterload                 0x08000139   Thumb Code     0  entry5.o(.ARM.Collect$$$$00000004)
    _main_clock                              0x08000139   Thumb Code     0  entry7b.o(.ARM.Collect$$$$00000008)
    _main_cpp_init                           0x08000139   Thumb Code     0  entry8b.o(.ARM.Collect$$$$0000000A)
    _main_init                               0x08000139   Thumb Code     0  entry9a.o(.ARM.Collect$$$$0000000B)
    __rt_lib_shutdown_fini                   0x08000141   Thumb Code     0  entry12b.o(.ARM.Collect$$$$0000000E)
    __rt_final_cpp                           0x08000145   Thumb Code     0  entry10a.o(.ARM.Collect$$$$0000000F)
    __rt_final_exit                          0x08000145   Thumb Code     0  entry11a.o(.ARM.Collect$$$$00000011)
    MK_on_keyup                              0x08000149   Thumb Code    30  main.o(.text)
    MK_on_keydown                            0x08000167   Thumb Code   134  main.o(.text)
    main                                     0x080001ed   Thumb Code   272  main.o(.text)
    NMI_Handler                              0x08000325   Thumb Code     2  stm32f10x_it.o(.text)
    HardFault_Handler                        0x08000327   Thumb Code     4  stm32f10x_it.o(.text)
    MemManage_Handler                        0x0800032b   Thumb Code     4  stm32f10x_it.o(.text)
    BusFault_Handler                         0x0800032f   Thumb Code     4  stm32f10x_it.o(.text)
    UsageFault_Handler                       0x08000333   Thumb Code     4  stm32f10x_it.o(.text)
    SVC_Handler                              0x08000337   Thumb Code     2  stm32f10x_it.o(.text)
    DebugMon_Handler                         0x08000339   Thumb Code     2  stm32f10x_it.o(.text)
    PendSV_Handler                           0x0800033b   Thumb Code     2  stm32f10x_it.o(.text)
    SysTick_Handler                          0x0800033d   Thumb Code     2  stm32f10x_it.o(.text)
    SystemInit                               0x0800041f   Thumb Code    78  system_stm32f10x.o(.text)
    SystemCoreClockUpdate                    0x0800046d   Thumb Code   142  system_stm32f10x.o(.text)
    KEY_INIT                                 0x08000521   Thumb Code    74  matrixkeys.o(.text)
    MK_init                                  0x0800065f   Thumb Code     8  matrixkeys.o(.text)
    MK_scan                                  0x08000667   Thumb Code   146  matrixkeys.o(.text)
    OLED_Spi_init                            0x08000705   Thumb Code    90  oled.o(.text)
    DMA_OLED_Init                            0x0800075f   Thumb Code    82  oled.o(.text)
    OLED_WR_CMD                              0x080007b1   Thumb Code    78  oled.o(.text)
    OLED_WR_DATA                             0x080007ff   Thumb Code    92  oled.o(.text)
    OLED_WR_Multi_Bytes                      0x0800085b   Thumb Code    78  oled.o(.text)
    OLED_Refresh                             0x080008a9   Thumb Code    90  oled.o(.text)
    OLED_Clear                               0x08000903   Thumb Code    42  oled.o(.text)
    OLED_DrawPoint                           0x0800092d   Thumb Code   114  oled.o(.text)
    CS_ALL_OFF                               0x0800099f   Thumb Code    36  oled.o(.text)
    OLED_ShowPicture                         0x080009c3   Thumb Code   238  oled.o(.text)
    OLED_Init                                0x08000ab1   Thumb Code   270  oled.o(.text)
    EC11_INIT                                0x08000bc1   Thumb Code    38  ec11.o(.text)
    EXTIX_Init                               0x08000be7   Thumb Code   166  ec11.o(.text)
    get_angel                                0x08000c8d   Thumb Code     6  ec11.o(.text)
    get_refreshScreen                        0x08000c93   Thumb Code     6  ec11.o(.text)
    flag_to_false                            0x08000c99   Thumb Code     8  ec11.o(.text)
    EXTI9_5_IRQHandler                       0x08000ca1   Thumb Code   114  ec11.o(.text)
    EXTI1_IRQHandler                         0x08000d13   Thumb Code   114  ec11.o(.text)
    W25QXX_SPI_ReadWriteByte                 0x08000dc9   Thumb Code    78  w25qxx.o(.text)
    SPI2_Init                                0x08000e17   Thumb Code    92  w25qxx.o(.text)
    W25QXX_ReadID                            0x08000e73   Thumb Code    70  w25qxx.o(.text)
    W25QXX_Init                              0x08000eb9   Thumb Code   100  w25qxx.o(.text)
    W25QXX_ReadSR                            0x08000f1d   Thumb Code    42  w25qxx.o(.text)
    W25QXX_Write_SR                          0x08000f47   Thumb Code    38  w25qxx.o(.text)
    W25QXX_Write_Enable                      0x08000f6d   Thumb Code    30  w25qxx.o(.text)
    W25QXX_Write_Disable                     0x08000f8b   Thumb Code    30  w25qxx.o(.text)
    W25QXX_Read                              0x08000fa9   Thumb Code    82  w25qxx.o(.text)
    W25QXX_Wait_Busy                         0x08000ffb   Thumb Code    18  w25qxx.o(.text)
    W25QXX_Write_Page                        0x0800100d   Thumb Code    88  w25qxx.o(.text)
    W25QXX_Write_NoCheck                     0x08001065   Thumb Code    70  w25qxx.o(.text)
    W25QXX_Erase_Sector                      0x080010ab   Thumb Code    68  w25qxx.o(.text)
    W25QXX_Write                             0x080010ef   Thumb Code   180  w25qxx.o(.text)
    W25QXX_Erase_Chip                        0x080011a3   Thumb Code    58  w25qxx.o(.text)
    W25QXX_PowerDown                         0x080011dd   Thumb Code    36  w25qxx.o(.text)
    W25QXX_WAKEUP                            0x08001201   Thumb Code    36  w25qxx.o(.text)
    fatfs_init                               0x08001229   Thumb Code   134  myfatfs.o(.text)
    fatfs_write                              0x080012af   Thumb Code    70  myfatfs.o(.text)
    fatfs_read                               0x080012f5   Thumb Code    68  myfatfs.o(.text)
    delay_init                               0x080013e5   Thumb Code    50  delay.o(.text)
    delay_us                                 0x08001417   Thumb Code    72  delay.o(.text)
    delay_ms                                 0x0800145f   Thumb Code    72  delay.o(.text)
    fputc                                    0x080014b9   Thumb Code    24  usart.o(.text)
    uart_init                                0x080014d1   Thumb Code   152  usart.o(.text)
    USART1_IRQHandler                        0x08001569   Thumb Code   122  usart.o(.text)
    Reset_Handler                            0x080015f5   Thumb Code     8  startup_stm32f10x_hd.o(.text)
    ADC1_2_IRQHandler                        0x0800160f   Thumb Code     0  startup_stm32f10x_hd.o(.text)
    ADC3_IRQHandler                          0x0800160f   Thumb Code     0  startup_stm32f10x_hd.o(.text)
    CAN1_RX1_IRQHandler                      0x0800160f   Thumb Code     0  startup_stm32f10x_hd.o(.text)
    CAN1_SCE_IRQHandler                      0x0800160f   Thumb Code     0  startup_stm32f10x_hd.o(.text)
    DMA1_Channel1_IRQHandler                 0x0800160f   Thumb Code     0  startup_stm32f10x_hd.o(.text)
    DMA1_Channel2_IRQHandler                 0x0800160f   Thumb Code     0  startup_stm32f10x_hd.o(.text)
    DMA1_Channel3_IRQHandler                 0x0800160f   Thumb Code     0  startup_stm32f10x_hd.o(.text)
    DMA1_Channel4_IRQHandler                 0x0800160f   Thumb Code     0  startup_stm32f10x_hd.o(.text)
    DMA1_Channel5_IRQHandler                 0x0800160f   Thumb Code     0  startup_stm32f10x_hd.o(.text)
    DMA1_Channel6_IRQHandler                 0x0800160f   Thumb Code     0  startup_stm32f10x_hd.o(.text)
    DMA1_Channel7_IRQHandler                 0x0800160f   Thumb Code     0  startup_stm32f10x_hd.o(.text)
    DMA2_Channel1_IRQHandler                 0x0800160f   Thumb Code     0  startup_stm32f10x_hd.o(.text)
    DMA2_Channel2_IRQHandler                 0x0800160f   Thumb Code     0  startup_stm32f10x_hd.o(.text)
    DMA2_Channel3_IRQHandler                 0x0800160f   Thumb Code     0  startup_stm32f10x_hd.o(.text)
    DMA2_Channel4_5_IRQHandler               0x0800160f   Thumb Code     0  startup_stm32f10x_hd.o(.text)
    EXTI0_IRQHandler                         0x0800160f   Thumb Code     0  startup_stm32f10x_hd.o(.text)
    EXTI15_10_IRQHandler                     0x0800160f   Thumb Code     0  startup_stm32f10x_hd.o(.text)
    EXTI2_IRQHandler                         0x0800160f   Thumb Code     0  startup_stm32f10x_hd.o(.text)
    EXTI3_IRQHandler                         0x0800160f   Thumb Code     0  startup_stm32f10x_hd.o(.text)
    EXTI4_IRQHandler                         0x0800160f   Thumb Code     0  startup_stm32f10x_hd.o(.text)
    FLASH_IRQHandler                         0x0800160f   Thumb Code     0  startup_stm32f10x_hd.o(.text)
    FSMC_IRQHandler                          0x0800160f   Thumb Code     0  startup_stm32f10x_hd.o(.text)
    I2C1_ER_IRQHandler                       0x0800160f   Thumb Code     0  startup_stm32f10x_hd.o(.text)
    I2C1_EV_IRQHandler                       0x0800160f   Thumb Code     0  startup_stm32f10x_hd.o(.text)
    I2C2_ER_IRQHandler                       0x0800160f   Thumb Code     0  startup_stm32f10x_hd.o(.text)
    I2C2_EV_IRQHandler                       0x0800160f   Thumb Code     0  startup_stm32f10x_hd.o(.text)
    PVD_IRQHandler                           0x0800160f   Thumb Code     0  startup_stm32f10x_hd.o(.text)
    RCC_IRQHandler                           0x0800160f   Thumb Code     0  startup_stm32f10x_hd.o(.text)
    RTCAlarm_IRQHandler                      0x0800160f   Thumb Code     0  startup_stm32f10x_hd.o(.text)
    RTC_IRQHandler                           0x0800160f   Thumb Code     0  startup_stm32f10x_hd.o(.text)
    SDIO_IRQHandler                          0x0800160f   Thumb Code     0  startup_stm32f10x_hd.o(.text)
    SPI1_IRQHandler                          0x0800160f   Thumb Code     0  startup_stm32f10x_hd.o(.text)
    SPI2_IRQHandler                          0x0800160f   Thumb Code     0  startup_stm32f10x_hd.o(.text)
    SPI3_IRQHandler                          0x0800160f   Thumb Code     0  startup_stm32f10x_hd.o(.text)
    TAMPER_IRQHandler                        0x0800160f   Thumb Code     0  startup_stm32f10x_hd.o(.text)
    TIM1_BRK_IRQHandler                      0x0800160f   Thumb Code     0  startup_stm32f10x_hd.o(.text)
    TIM1_CC_IRQHandler                       0x0800160f   Thumb Code     0  startup_stm32f10x_hd.o(.text)
    TIM1_TRG_COM_IRQHandler                  0x0800160f   Thumb Code     0  startup_stm32f10x_hd.o(.text)
    TIM1_UP_IRQHandler                       0x0800160f   Thumb Code     0  startup_stm32f10x_hd.o(.text)
    TIM2_IRQHandler                          0x0800160f   Thumb Code     0  startup_stm32f10x_hd.o(.text)
    TIM3_IRQHandler                          0x0800160f   Thumb Code     0  startup_stm32f10x_hd.o(.text)
    TIM4_IRQHandler                          0x0800160f   Thumb Code     0  startup_stm32f10x_hd.o(.text)
    TIM5_IRQHandler                          0x0800160f   Thumb Code     0  startup_stm32f10x_hd.o(.text)
    TIM6_IRQHandler                          0x0800160f   Thumb Code     0  startup_stm32f10x_hd.o(.text)
    TIM7_IRQHandler                          0x0800160f   Thumb Code     0  startup_stm32f10x_hd.o(.text)
    TIM8_BRK_IRQHandler                      0x0800160f   Thumb Code     0  startup_stm32f10x_hd.o(.text)
    TIM8_CC_IRQHandler                       0x0800160f   Thumb Code     0  startup_stm32f10x_hd.o(.text)
    TIM8_TRG_COM_IRQHandler                  0x0800160f   Thumb Code     0  startup_stm32f10x_hd.o(.text)
    TIM8_UP_IRQHandler                       0x0800160f   Thumb Code     0  startup_stm32f10x_hd.o(.text)
    UART4_IRQHandler                         0x0800160f   Thumb Code     0  startup_stm32f10x_hd.o(.text)
    UART5_IRQHandler                         0x0800160f   Thumb Code     0  startup_stm32f10x_hd.o(.text)
    USART2_IRQHandler                        0x0800160f   Thumb Code     0  startup_stm32f10x_hd.o(.text)
    USART3_IRQHandler                        0x0800160f   Thumb Code     0  startup_stm32f10x_hd.o(.text)
    USB_HP_CAN1_TX_IRQHandler                0x0800160f   Thumb Code     0  startup_stm32f10x_hd.o(.text)
    WWDG_IRQHandler                          0x0800160f   Thumb Code     0  startup_stm32f10x_hd.o(.text)
    NVIC_PriorityGroupConfig                 0x08001619   Thumb Code    10  misc.o(.text)
    NVIC_Init                                0x08001623   Thumb Code   100  misc.o(.text)
    NVIC_SetVectorTable                      0x08001687   Thumb Code    14  misc.o(.text)
    NVIC_SystemLPConfig                      0x08001695   Thumb Code    34  misc.o(.text)
    SysTick_CLKSourceConfig                  0x080016b7   Thumb Code    40  misc.o(.text)
    GPIO_DeInit                              0x080016f5   Thumb Code   172  stm32f10x_gpio.o(.text)
    GPIO_AFIODeInit                          0x080017a1   Thumb Code    20  stm32f10x_gpio.o(.text)
    GPIO_Init                                0x080017b5   Thumb Code   278  stm32f10x_gpio.o(.text)
    GPIO_StructInit                          0x080018cb   Thumb Code    16  stm32f10x_gpio.o(.text)
    GPIO_ReadInputDataBit                    0x080018db   Thumb Code    18  stm32f10x_gpio.o(.text)
    GPIO_ReadInputData                       0x080018ed   Thumb Code     8  stm32f10x_gpio.o(.text)
    GPIO_ReadOutputDataBit                   0x080018f5   Thumb Code    18  stm32f10x_gpio.o(.text)
    GPIO_ReadOutputData                      0x08001907   Thumb Code     8  stm32f10x_gpio.o(.text)
    GPIO_SetBits                             0x0800190f   Thumb Code     4  stm32f10x_gpio.o(.text)
    GPIO_ResetBits                           0x08001913   Thumb Code     4  stm32f10x_gpio.o(.text)
    GPIO_WriteBit                            0x08001917   Thumb Code    10  stm32f10x_gpio.o(.text)
    GPIO_Write                               0x08001921   Thumb Code     4  stm32f10x_gpio.o(.text)
    GPIO_PinLockConfig                       0x08001925   Thumb Code    18  stm32f10x_gpio.o(.text)
    GPIO_EventOutputConfig                   0x08001937   Thumb Code    26  stm32f10x_gpio.o(.text)
    GPIO_EventOutputCmd                      0x08001951   Thumb Code     6  stm32f10x_gpio.o(.text)
    GPIO_PinRemapConfig                      0x08001957   Thumb Code   138  stm32f10x_gpio.o(.text)
    GPIO_EXTILineConfig                      0x080019e1   Thumb Code    66  stm32f10x_gpio.o(.text)
    GPIO_ETH_MediaInterfaceConfig            0x08001a23   Thumb Code     8  stm32f10x_gpio.o(.text)
    RCC_DeInit                               0x08001a51   Thumb Code    64  stm32f10x_rcc.o(.text)
    RCC_HSEConfig                            0x08001a91   Thumb Code    70  stm32f10x_rcc.o(.text)
    RCC_GetFlagStatus                        0x08001ad7   Thumb Code    56  stm32f10x_rcc.o(.text)
    RCC_WaitForHSEStartUp                    0x08001b0f   Thumb Code    56  stm32f10x_rcc.o(.text)
    RCC_AdjustHSICalibrationValue            0x08001b47   Thumb Code    20  stm32f10x_rcc.o(.text)
    RCC_HSICmd                               0x08001b5b   Thumb Code     6  stm32f10x_rcc.o(.text)
    RCC_PLLConfig                            0x08001b61   Thumb Code    24  stm32f10x_rcc.o(.text)
    RCC_PLLCmd                               0x08001b79   Thumb Code     6  stm32f10x_rcc.o(.text)
    RCC_SYSCLKConfig                         0x08001b7f   Thumb Code    18  stm32f10x_rcc.o(.text)
    RCC_GetSYSCLKSource                      0x08001b91   Thumb Code    10  stm32f10x_rcc.o(.text)
    RCC_HCLKConfig                           0x08001b9b   Thumb Code    18  stm32f10x_rcc.o(.text)
    RCC_PCLK1Config                          0x08001bad   Thumb Code    18  stm32f10x_rcc.o(.text)
    RCC_PCLK2Config                          0x08001bbf   Thumb Code    20  stm32f10x_rcc.o(.text)
    RCC_ITConfig                             0x08001bd3   Thumb Code    26  stm32f10x_rcc.o(.text)
    RCC_USBCLKConfig                         0x08001bed   Thumb Code     8  stm32f10x_rcc.o(.text)
    RCC_ADCCLKConfig                         0x08001bf5   Thumb Code    18  stm32f10x_rcc.o(.text)
    RCC_LSEConfig                            0x08001c07   Thumb Code    50  stm32f10x_rcc.o(.text)
    RCC_LSICmd                               0x08001c39   Thumb Code     6  stm32f10x_rcc.o(.text)
    RCC_RTCCLKConfig                         0x08001c3f   Thumb Code    12  stm32f10x_rcc.o(.text)
    RCC_RTCCLKCmd                            0x08001c4b   Thumb Code     8  stm32f10x_rcc.o(.text)
    RCC_GetClocksFreq                        0x08001c53   Thumb Code   192  stm32f10x_rcc.o(.text)
    RCC_AHBPeriphClockCmd                    0x08001d13   Thumb Code    26  stm32f10x_rcc.o(.text)
    RCC_APB2PeriphClockCmd                   0x08001d2d   Thumb Code    26  stm32f10x_rcc.o(.text)
    RCC_APB1PeriphClockCmd                   0x08001d47   Thumb Code    26  stm32f10x_rcc.o(.text)
    RCC_APB2PeriphResetCmd                   0x08001d61   Thumb Code    26  stm32f10x_rcc.o(.text)
    RCC_APB1PeriphResetCmd                   0x08001d7b   Thumb Code    26  stm32f10x_rcc.o(.text)
    RCC_BackupResetCmd                       0x08001d95   Thumb Code     8  stm32f10x_rcc.o(.text)
    RCC_ClockSecuritySystemCmd               0x08001d9d   Thumb Code     6  stm32f10x_rcc.o(.text)
    RCC_MCOConfig                            0x08001da3   Thumb Code     6  stm32f10x_rcc.o(.text)
    RCC_ClearFlag                            0x08001da9   Thumb Code    14  stm32f10x_rcc.o(.text)
    RCC_GetITStatus                          0x08001db7   Thumb Code    20  stm32f10x_rcc.o(.text)
    RCC_ClearITPendingBit                    0x08001dcb   Thumb Code     6  stm32f10x_rcc.o(.text)
    USART_DeInit                             0x08001df5   Thumb Code   134  stm32f10x_usart.o(.text)
    USART_Init                               0x08001e7b   Thumb Code   210  stm32f10x_usart.o(.text)
    USART_StructInit                         0x08001f4d   Thumb Code    24  stm32f10x_usart.o(.text)
    USART_ClockInit                          0x08001f65   Thumb Code    34  stm32f10x_usart.o(.text)
    USART_ClockStructInit                    0x08001f87   Thumb Code    12  stm32f10x_usart.o(.text)
    USART_Cmd                                0x08001f93   Thumb Code    24  stm32f10x_usart.o(.text)
    USART_ITConfig                           0x08001fab   Thumb Code    74  stm32f10x_usart.o(.text)
    USART_DMACmd                             0x08001ff5   Thumb Code    18  stm32f10x_usart.o(.text)
    USART_SetAddress                         0x08002007   Thumb Code    18  stm32f10x_usart.o(.text)
    USART_WakeUpConfig                       0x08002019   Thumb Code    18  stm32f10x_usart.o(.text)
    USART_ReceiverWakeUpCmd                  0x0800202b   Thumb Code    24  stm32f10x_usart.o(.text)
    USART_LINBreakDetectLengthConfig         0x08002043   Thumb Code    18  stm32f10x_usart.o(.text)
    USART_LINCmd                             0x08002055   Thumb Code    24  stm32f10x_usart.o(.text)
    USART_SendData                           0x0800206d   Thumb Code     8  stm32f10x_usart.o(.text)
    USART_ReceiveData                        0x08002075   Thumb Code    10  stm32f10x_usart.o(.text)
    USART_SendBreak                          0x0800207f   Thumb Code    10  stm32f10x_usart.o(.text)
    USART_SetGuardTime                       0x08002089   Thumb Code    16  stm32f10x_usart.o(.text)
    USART_SetPrescaler                       0x08002099   Thumb Code    16  stm32f10x_usart.o(.text)
    USART_SmartCardCmd                       0x080020a9   Thumb Code    24  stm32f10x_usart.o(.text)
    USART_SmartCardNACKCmd                   0x080020c1   Thumb Code    24  stm32f10x_usart.o(.text)
    USART_HalfDuplexCmd                      0x080020d9   Thumb Code    24  stm32f10x_usart.o(.text)
    USART_OverSampling8Cmd                   0x080020f1   Thumb Code    22  stm32f10x_usart.o(.text)
    USART_OneBitMethodCmd                    0x08002107   Thumb Code    24  stm32f10x_usart.o(.text)
    USART_IrDAConfig                         0x0800211f   Thumb Code    18  stm32f10x_usart.o(.text)
    USART_IrDACmd                            0x08002131   Thumb Code    24  stm32f10x_usart.o(.text)
    USART_GetFlagStatus                      0x08002149   Thumb Code    26  stm32f10x_usart.o(.text)
    USART_ClearFlag                          0x08002163   Thumb Code    18  stm32f10x_usart.o(.text)
    USART_GetITStatus                        0x08002175   Thumb Code    84  stm32f10x_usart.o(.text)
    USART_ClearITPendingBit                  0x080021c9   Thumb Code    52  stm32f10x_usart.o(.text)
    EXTI_DeInit                              0x080021fd   Thumb Code    28  stm32f10x_exti.o(.text)
    EXTI_Init                                0x08002219   Thumb Code   142  stm32f10x_exti.o(.text)
    EXTI_StructInit                          0x080022a7   Thumb Code    16  stm32f10x_exti.o(.text)
    EXTI_GenerateSWInterrupt                 0x080022b7   Thumb Code    16  stm32f10x_exti.o(.text)
    EXTI_GetFlagStatus                       0x080022c7   Thumb Code    22  stm32f10x_exti.o(.text)
    EXTI_ClearFlag                           0x080022dd   Thumb Code     8  stm32f10x_exti.o(.text)
    EXTI_GetITStatus                         0x080022e5   Thumb Code    34  stm32f10x_exti.o(.text)
    EXTI_ClearITPendingBit                   0x08002307   Thumb Code     8  stm32f10x_exti.o(.text)
    SPI_I2S_DeInit                           0x08002319   Thumb Code    76  stm32f10x_spi.o(.text)
    SPI_Init                                 0x08002365   Thumb Code    60  stm32f10x_spi.o(.text)
    I2S_Init                                 0x080023a1   Thumb Code   226  stm32f10x_spi.o(.text)
    SPI_StructInit                           0x08002483   Thumb Code    24  stm32f10x_spi.o(.text)
    I2S_StructInit                           0x0800249b   Thumb Code    20  stm32f10x_spi.o(.text)
    SPI_Cmd                                  0x080024af   Thumb Code    24  stm32f10x_spi.o(.text)
    I2S_Cmd                                  0x080024c7   Thumb Code    24  stm32f10x_spi.o(.text)
    SPI_I2S_ITConfig                         0x080024df   Thumb Code    32  stm32f10x_spi.o(.text)
    SPI_I2S_DMACmd                           0x080024ff   Thumb Code    18  stm32f10x_spi.o(.text)
    SPI_I2S_SendData                         0x08002511   Thumb Code     4  stm32f10x_spi.o(.text)
    SPI_I2S_ReceiveData                      0x08002515   Thumb Code     6  stm32f10x_spi.o(.text)
    SPI_NSSInternalSoftwareConfig            0x0800251b   Thumb Code    30  stm32f10x_spi.o(.text)
    SPI_SSOutputCmd                          0x08002539   Thumb Code    24  stm32f10x_spi.o(.text)
    SPI_DataSizeConfig                       0x08002551   Thumb Code    18  stm32f10x_spi.o(.text)
    SPI_TransmitCRC                          0x08002563   Thumb Code    10  stm32f10x_spi.o(.text)
    SPI_CalculateCRC                         0x0800256d   Thumb Code    24  stm32f10x_spi.o(.text)
    SPI_GetCRC                               0x08002585   Thumb Code    16  stm32f10x_spi.o(.text)
    SPI_GetCRCPolynomial                     0x08002595   Thumb Code     6  stm32f10x_spi.o(.text)
    SPI_BiDirectionalLineConfig              0x0800259b   Thumb Code    28  stm32f10x_spi.o(.text)
    SPI_I2S_GetFlagStatus                    0x080025b7   Thumb Code    18  stm32f10x_spi.o(.text)
    SPI_I2S_ClearFlag                        0x080025c9   Thumb Code     6  stm32f10x_spi.o(.text)
    SPI_I2S_GetITStatus                      0x080025cf   Thumb Code    52  stm32f10x_spi.o(.text)
    SPI_I2S_ClearITPendingBit                0x08002603   Thumb Code    20  stm32f10x_spi.o(.text)
    DMA_DeInit                               0x08002625   Thumb Code   324  stm32f10x_dma.o(.text)
    DMA_Init                                 0x08002769   Thumb Code    60  stm32f10x_dma.o(.text)
    DMA_StructInit                           0x080027a5   Thumb Code    26  stm32f10x_dma.o(.text)
    DMA_Cmd                                  0x080027bf   Thumb Code    24  stm32f10x_dma.o(.text)
    DMA_ITConfig                             0x080027d7   Thumb Code    18  stm32f10x_dma.o(.text)
    DMA_SetCurrDataCounter                   0x080027e9   Thumb Code     4  stm32f10x_dma.o(.text)
    DMA_GetCurrDataCounter                   0x080027ed   Thumb Code     8  stm32f10x_dma.o(.text)
    DMA_GetFlagStatus                        0x080027f5   Thumb Code    40  stm32f10x_dma.o(.text)
    DMA_ClearFlag                            0x0800281d   Thumb Code    22  stm32f10x_dma.o(.text)
    DMA_GetITStatus                          0x08002833   Thumb Code    40  stm32f10x_dma.o(.text)
    DMA_ClearITPendingBit                    0x0800285b   Thumb Code    22  stm32f10x_dma.o(.text)
    Set_System                               0x08002879   Thumb Code    34  hw_config.o(.text)
    Set_USBClock                             0x0800289b   Thumb Code    18  hw_config.o(.text)
    Leave_LowPowerMode                       0x080028ad   Thumb Code    28  hw_config.o(.text)
    USB_Interrupts_Config                    0x080028c9   Thumb Code    60  hw_config.o(.text)
    USB_Cable_Config                         0x08002905   Thumb Code     2  hw_config.o(.text)
    Get_SerialNum                            0x08002945   Thumb Code    42  hw_config.o(.text)
    USB_LP_CAN1_RX0_IRQHandler               0x08002985   Thumb Code     8  stm32_it.o(.text)
    USBWakeUp_IRQHandler                     0x0800298d   Thumb Code    12  stm32_it.o(.text)
    EP1_IN_Callback                          0x08002999   Thumb Code     8  usb_endp.o(.text)
    USB_Istr                                 0x080029a5   Thumb Code   422  usb_istr.o(.text)
    Joystick_init                            0x08002b71   Thumb Code    30  usb_prop.o(.text)
    Joystick_Reset                           0x08002b8f   Thumb Code   148  usb_prop.o(.text)
    Joystick_SetConfiguration                0x08002c23   Thumb Code    14  usb_prop.o(.text)
    Joystick_SetDeviceAddress                0x08002c31   Thumb Code     8  usb_prop.o(.text)
    Joystick_Status_In                       0x08002c39   Thumb Code     2  usb_prop.o(.text)
    Joystick_Status_Out                      0x08002c3b   Thumb Code     2  usb_prop.o(.text)
    Joystick_GetProtocolValue                0x08002c3d   Thumb Code    20  usb_prop.o(.text)
    Joystick_GetHIDDescriptor                0x08002c51   Thumb Code    14  usb_prop.o(.text)
    Joystick_GetReportDescriptor             0x08002c5f   Thumb Code    14  usb_prop.o(.text)
    Joystick_Data_Setup                      0x08002c6d   Thumb Code   114  usb_prop.o(.text)
    Joystick_SetProtocol                     0x08002cdf   Thumb Code    14  usb_prop.o(.text)
    Joystick_NoData_Setup                    0x08002ced   Thumb Code    32  usb_prop.o(.text)
    Joystick_GetDeviceDescriptor             0x08002d0d   Thumb Code    14  usb_prop.o(.text)
    Joystick_GetConfigDescriptor             0x08002d1b   Thumb Code    14  usb_prop.o(.text)
    Joystick_GetStringDescriptor             0x08002d29   Thumb Code    32  usb_prop.o(.text)
    Joystick_Get_Interface_Setting           0x08002d49   Thumb Code    22  usb_prop.o(.text)
    PowerOn                                  0x08002d8d   Thumb Code    46  usb_pwr.o(.text)
    Suspend                                  0x08002dbb   Thumb Code   240  usb_pwr.o(.text)
    Resume_Init                              0x08002eab   Thumb Code    30  usb_pwr.o(.text)
    Resume                                   0x08002ec9   Thumb Code   194  usb_pwr.o(.text)
    Standard_GetConfiguration                0x08002fad   Thumb Code    34  usb_core.o(.text)
    Standard_SetConfiguration                0x08002fcf   Thumb Code    60  usb_core.o(.text)
    Standard_GetInterface                    0x0800300b   Thumb Code    34  usb_core.o(.text)
    Standard_SetInterface                    0x0800302d   Thumb Code    96  usb_core.o(.text)
    Standard_GetStatus                       0x0800308d   Thumb Code   238  usb_core.o(.text)
    Standard_ClearFeature                    0x0800317b   Thumb Code   342  usb_core.o(.text)
    Standard_SetEndPointFeature              0x080032d1   Thumb Code   220  usb_core.o(.text)
    Standard_SetDeviceFeature                0x080033ad   Thumb Code    30  usb_core.o(.text)
    Standard_GetDescriptorData               0x080033cb   Thumb Code    32  usb_core.o(.text)
    Post0_Process                            0x080038ff   Thumb Code    54  usb_core.o(.text)
    Setup0_Process                           0x08003935   Thumb Code   170  usb_core.o(.text)
    SetDeviceAddress                         0x080039df   Thumb Code    70  usb_core.o(.text)
    In0_Process                              0x08003a25   Thumb Code    98  usb_core.o(.text)
    Out0_Process                             0x08003a87   Thumb Code    70  usb_core.o(.text)
    NOP_Process                              0x08003acd   Thumb Code     2  usb_core.o(.text)
    USB_Init                                 0x08003afd   Thumb Code    36  usb_init.o(.text)
    CTR_LP                                   0x08003b39   Thumb Code   616  usb_int.o(.text)
    CTR_HP                                   0x08003da1   Thumb Code   178  usb_int.o(.text)
    UserToPMABufferCopy                      0x08003e75   Thumb Code    52  usb_mem.o(.text)
    PMAToUserBufferCopy                      0x08003ea9   Thumb Code    34  usb_mem.o(.text)
    SetCNTR                                  0x08003ed1   Thumb Code     6  usb_regs.o(.text)
    GetCNTR                                  0x08003ed7   Thumb Code     8  usb_regs.o(.text)
    SetISTR                                  0x08003edf   Thumb Code     8  usb_regs.o(.text)
    GetISTR                                  0x08003ee7   Thumb Code    10  usb_regs.o(.text)
    GetFNR                                   0x08003ef1   Thumb Code    10  usb_regs.o(.text)
    SetDADDR                                 0x08003efb   Thumb Code     8  usb_regs.o(.text)
    GetDADDR                                 0x08003f03   Thumb Code    10  usb_regs.o(.text)
    SetBTABLE                                0x08003f0d   Thumb Code    14  usb_regs.o(.text)
    GetBTABLE                                0x08003f1b   Thumb Code    10  usb_regs.o(.text)
    SetENDPOINT                              0x08003f25   Thumb Code    12  usb_regs.o(.text)
    GetENDPOINT                              0x08003f31   Thumb Code    16  usb_regs.o(.text)
    SetEPType                                0x08003f41   Thumb Code    32  usb_regs.o(.text)
    GetEPType                                0x08003f61   Thumb Code    18  usb_regs.o(.text)
    SetEPTxStatus                            0x08003f73   Thumb Code    60  usb_regs.o(.text)
    SetEPRxStatus                            0x08003faf   Thumb Code    60  usb_regs.o(.text)
    SetDouBleBuffEPStall                     0x08003feb   Thumb Code    54  usb_regs.o(.text)
    GetEPTxStatus                            0x08004021   Thumb Code    18  usb_regs.o(.text)
    GetEPRxStatus                            0x08004033   Thumb Code    18  usb_regs.o(.text)
    SetEPTxValid                             0x08004045   Thumb Code    48  usb_regs.o(.text)
    SetEPRxValid                             0x08004075   Thumb Code    48  usb_regs.o(.text)
    SetEP_KIND                               0x080040a5   Thumb Code    38  usb_regs.o(.text)
    ClearEP_KIND                             0x080040cb   Thumb Code    34  usb_regs.o(.text)
    Clear_Status_Out                         0x080040ed   Thumb Code    34  usb_regs.o(.text)
    Set_Status_Out                           0x0800410f   Thumb Code    38  usb_regs.o(.text)
    SetEPDoubleBuff                          0x08004135   Thumb Code    38  usb_regs.o(.text)
    ClearEPDoubleBuff                        0x0800415b   Thumb Code    34  usb_regs.o(.text)
    GetTxStallStatus                         0x0800417d   Thumb Code    28  usb_regs.o(.text)
    GetRxStallStatus                         0x08004199   Thumb Code    30  usb_regs.o(.text)
    ClearEP_CTR_RX                           0x080041b7   Thumb Code    32  usb_regs.o(.text)
    ClearEP_CTR_TX                           0x080041d7   Thumb Code    28  usb_regs.o(.text)
    ToggleDTOG_RX                            0x080041f3   Thumb Code    34  usb_regs.o(.text)
    ToggleDTOG_TX                            0x08004215   Thumb Code    34  usb_regs.o(.text)
    ClearDTOG_RX                             0x08004237   Thumb Code    48  usb_regs.o(.text)
    ClearDTOG_TX                             0x08004267   Thumb Code    48  usb_regs.o(.text)
    SetEPAddress                             0x08004297   Thumb Code    46  usb_regs.o(.text)
    GetEPAddress                             0x080042c5   Thumb Code    18  usb_regs.o(.text)
    SetEPTxAddr                              0x080042d7   Thumb Code    24  usb_regs.o(.text)
    SetEPRxAddr                              0x080042ef   Thumb Code    26  usb_regs.o(.text)
    GetEPTxAddr                              0x08004309   Thumb Code    22  usb_regs.o(.text)
    GetEPRxAddr                              0x0800431f   Thumb Code    24  usb_regs.o(.text)
    SetEPTxCount                             0x08004337   Thumb Code    20  usb_regs.o(.text)
    SetEPCountRxReg                          0x0800434b   Thumb Code    48  usb_regs.o(.text)
    SetEPRxCount                             0x0800437b   Thumb Code    68  usb_regs.o(.text)
    GetEPTxCount                             0x080043bf   Thumb Code    26  usb_regs.o(.text)
    GetEPRxCount                             0x080043d9   Thumb Code    26  usb_regs.o(.text)
    SetEPDblBuffAddr                         0x080043f3   Thumb Code    44  usb_regs.o(.text)
    SetEPDblBuf0Addr                         0x0800441f   Thumb Code    24  usb_regs.o(.text)
    SetEPDblBuf1Addr                         0x08004437   Thumb Code    26  usb_regs.o(.text)
    GetEPDblBuf0Addr                         0x08004451   Thumb Code    22  usb_regs.o(.text)
    GetEPDblBuf1Addr                         0x08004467   Thumb Code    24  usb_regs.o(.text)
    SetEPDblBuffCount                        0x0800447f   Thumb Code   186  usb_regs.o(.text)
    SetEPDblBuf0Count                        0x08004539   Thumb Code    96  usb_regs.o(.text)
    SetEPDblBuf1Count                        0x08004599   Thumb Code    96  usb_regs.o(.text)
    GetEPDblBuf0Count                        0x080045f9   Thumb Code    26  usb_regs.o(.text)
    GetEPDblBuf1Count                        0x08004613   Thumb Code    26  usb_regs.o(.text)
    GetEPDblBufDir                           0x0800462d   Thumb Code    62  usb_regs.o(.text)
    FreeUserBuffer                           0x0800466b   Thumb Code    90  usb_regs.o(.text)
    ToWord                                   0x080046c5   Thumb Code     8  usb_regs.o(.text)
    ByteSwap                                 0x080046cd   Thumb Code    12  usb_regs.o(.text)
    USB_SIL_Init                             0x080046d9   Thumb Code    28  usb_sil.o(.text)
    USB_SIL_Write                            0x080046f5   Thumb Code    46  usb_sil.o(.text)
    USB_SIL_Read                             0x08004723   Thumb Code    46  usb_sil.o(.text)
    disk_status                              0x08004759   Thumb Code    26  diskio.o(.text)
    disk_initialize                          0x08004773   Thumb Code    24  diskio.o(.text)
    disk_read                                0x0800478b   Thumb Code    46  diskio.o(.text)
    disk_write                               0x080047b9   Thumb Code    46  diskio.o(.text)
    disk_ioctl                               0x080047e7   Thumb Code    56  diskio.o(.text)
    get_fattime                              0x0800481f   Thumb Code     4  diskio.o(.text)
    ff_memalloc                              0x08004823   Thumb Code    14  diskio.o(.text)
    ff_memfree                               0x08004831   Thumb Code    14  diskio.o(.text)
    f_mount                                  0x08006d7d   Thumb Code    90  ff.o(.text)
    f_open                                   0x08006dd7   Thumb Code   798  ff.o(.text)
    f_read                                   0x080070f5   Thumb Code   552  ff.o(.text)
    f_write                                  0x0800731d   Thumb Code   644  ff.o(.text)
    f_sync                                   0x080075a1   Thumb Code   424  ff.o(.text)
    f_close                                  0x08007749   Thumb Code    34  ff.o(.text)
    f_lseek                                  0x0800776b   Thumb Code  1112  ff.o(.text)
    f_opendir                                0x08007bc3   Thumb Code   184  ff.o(.text)
    f_closedir                               0x08007c7b   Thumb Code    24  ff.o(.text)
    f_readdir                                0x08007c93   Thumb Code   112  ff.o(.text)
    f_stat                                   0x08007d03   Thumb Code    96  ff.o(.text)
    f_getfree                                0x08007d63   Thumb Code   350  ff.o(.text)
    f_truncate                               0x08007ec1   Thumb Code   214  ff.o(.text)
    f_unlink                                 0x08007f97   Thumb Code   252  ff.o(.text)
    f_mkdir                                  0x08008093   Thumb Code   418  ff.o(.text)
    f_rename                                 0x08008235   Thumb Code   516  ff.o(.text)
    f_getlabel                               0x08008439   Thumb Code   316  ff.o(.text)
    f_setlabel                               0x08008575   Thumb Code   488  ff.o(.text)
    f_mkfs                                   0x080088b7   Thumb Code  3568  ff.o(.text)
    f_gets                                   0x080096a7   Thumb Code    80  ff.o(.text)
    f_putc                                   0x08009779   Thumb Code    34  ff.o(.text)
    f_puts                                   0x0800979b   Thumb Code    44  ff.o(.text)
    f_printf                                 0x080097c7   Thumb Code   696  ff.o(.text)
    ff_uni2oem                               0x08009a81   Thumb Code   112  ffunicode.o(.text)
    ff_oem2uni                               0x08009af1   Thumb Code   100  ffunicode.o(.text)
    ff_wtoupper                              0x08009b55   Thumb Code   166  ffunicode.o(.text)
    my_mem_copy                              0x08009c0d   Thumb Code    26  malloc_1.o(.text)
    my_mem_set                               0x08009c27   Thumb Code    20  malloc_1.o(.text)
    my_mem_init                              0x08009c3b   Thumb Code    38  malloc_1.o(.text)
    my_mem_perused                           0x08009c61   Thumb Code    56  malloc_1.o(.text)
    myfree                                   0x08009d91   Thumb Code    32  malloc_1.o(.text)
    mymalloc                                 0x08009db1   Thumb Code    36  malloc_1.o(.text)
    myrealloc                                0x08009dd5   Thumb Code    68  malloc_1.o(.text)
    __aeabi_uldivmod                         0x08009e29   Thumb Code    98  uldiv.o(.text)
    __aeabi_memcpy                           0x08009e8b   Thumb Code    36  memcpya.o(.text)
    __aeabi_memcpy4                          0x08009e8b   Thumb Code     0  memcpya.o(.text)
    __aeabi_memcpy8                          0x08009e8b   Thumb Code     0  memcpya.o(.text)
    __aeabi_memset                           0x08009eaf   Thumb Code    14  memseta.o(.text)
    __aeabi_memset4                          0x08009eaf   Thumb Code     0  memseta.o(.text)
    __aeabi_memset8                          0x08009eaf   Thumb Code     0  memseta.o(.text)
    __aeabi_memclr                           0x08009ebd   Thumb Code     4  memseta.o(.text)
    __aeabi_memclr4                          0x08009ebd   Thumb Code     0  memseta.o(.text)
    __aeabi_memclr8                          0x08009ebd   Thumb Code     0  memseta.o(.text)
    _memset$wrapper                          0x08009ec1   Thumb Code    18  memseta.o(.text)
    strchr                                   0x08009ed3   Thumb Code    20  strchr.o(.text)
    memcmp                                   0x08009ee7   Thumb Code    26  memcmp.o(.text)
    __aeabi_uidiv                            0x08009f01   Thumb Code     0  uidiv.o(.text)
    __aeabi_uidivmod                         0x08009f01   Thumb Code    44  uidiv.o(.text)
    __aeabi_llsl                             0x08009f2d   Thumb Code    30  llshl.o(.text)
    _ll_shift_l                              0x08009f2d   Thumb Code     0  llshl.o(.text)
    __aeabi_llsr                             0x08009f4b   Thumb Code    32  llushr.o(.text)
    _ll_ushift_r                             0x08009f4b   Thumb Code     0  llushr.o(.text)
    __scatterload                            0x08009f6d   Thumb Code    28  init.o(.text)
    __scatterload_rt2                        0x08009f6d   Thumb Code     0  init.o(.text)
    __decompress                             0x08009f91   Thumb Code     0  __dczerorl2.o(.text)
    __decompress1                            0x08009f91   Thumb Code    86  __dczerorl2.o(.text)
    __0printf$3                              0x08009fe9   Thumb Code    22  printf3.o(i.__0printf$3)
    __1printf$3                              0x08009fe9   Thumb Code     0  printf3.o(i.__0printf$3)
    __2printf                                0x08009fe9   Thumb Code     0  printf3.o(i.__0printf$3)
    __scatterload_copy                       0x0800a009   Thumb Code    14  handlers.o(i.__scatterload_copy)
    __scatterload_null                       0x0800a017   Thumb Code     2  handlers.o(i.__scatterload_null)
    __scatterload_zeroinit                   0x0800a019   Thumb Code    14  handlers.o(i.__scatterload_zeroinit)
    Joystick_DeviceDescriptor                0x0800a1e0   Data          18  usb_desc.o(.constdata)
    Joystick_ConfigDescriptor                0x0800a1f2   Data          34  usb_desc.o(.constdata)
    Joystick_ReportDescriptor                0x0800a214   Data          45  usb_desc.o(.constdata)
    Joystick_StringLangID                    0x0800a241   Data           4  usb_desc.o(.constdata)
    Joystick_StringVendor                    0x0800a245   Data          38  usb_desc.o(.constdata)
    Joystick_StringProduct                   0x0800a26b   Data          30  usb_desc.o(.constdata)
    memtblsize                               0x08034e9c   Data           4  malloc_1.o(.constdata)
    memblksize                               0x08034ea0   Data           4  malloc_1.o(.constdata)
    memsize                                  0x08034ea4   Data           4  malloc_1.o(.constdata)
    Region$$Table$$Base                      0x08034ea8   Number         0  anon$$obj.o(Region$$Table)
    Region$$Table$$Limit                     0x08034ec8   Number         0  anon$$obj.o(Region$$Table)
    BMP1                                     0x20000008   Data         512  main.o(.data)
    BMP2                                     0x20000208   Data         116  main.o(.data)
    BMP3                                     0x2000027c   Data        1592  main.o(.data)
    PrevXferComplete                         0x200008b4   Data           1  main.o(.data)
    TimingDelay                              0x200008b8   Data           4  main.o(.data)
    buffer                                   0x200008bc   Data           8  main.o(.data)
    write_data                               0x200008c4   Data          15  main.o(.data)
    SystemCoreClock                          0x200008d4   Data           4  system_stm32f10x.o(.data)
    AHBPrescTable                            0x200008d8   Data          16  system_stm32f10x.o(.data)
    stat                                     0x200008f4   Data           4  oled.o(.data)
    angel_count                              0x20000900   Data           2  ec11.o(.data)
    encoder_direct_flag                      0x20000902   Data           1  ec11.o(.data)
    total_angel                              0x20000904   Data           2  ec11.o(.data)
    refreshScreen                            0x20000906   Data           1  ec11.o(.data)
    next_menu_flag                           0x20000907   Data           1  ec11.o(.data)
    W25QXX_TYPE                              0x20000908   Data           2  w25qxx.o(.data)
    file                                     0x2000090c   Data           4  myfatfs.o(.data)
    res                                      0x20000910   Data           1  myfatfs.o(.data)
    br                                       0x20000914   Data           4  myfatfs.o(.data)
    bw                                       0x20000918   Data           4  myfatfs.o(.data)
    bW                                       0x2000091c   Data           4  myfatfs.o(.data)
    bR                                       0x20000920   Data           4  myfatfs.o(.data)
    __stdout                                 0x20000928   Data           4  usart.o(.data)
    USART_RX_STA                             0x2000092c   Data           2  usart.o(.data)
    EXTI_InitStructure                       0x20000944   Data           8  hw_config.o(.data)
    Joystick_StringSerial                    0x2000094c   Data          26  usb_desc.o(.data)
    wIstr                                    0x20000968   Data           2  usb_istr.o(.data)
    bIntPackSOF                              0x2000096a   Data           1  usb_istr.o(.data)
    esof_counter                             0x2000096c   Data           4  usb_istr.o(.data)
    wCNTR                                    0x20000970   Data           4  usb_istr.o(.data)
    pEpInt_IN                                0x20000974   Data          28  usb_istr.o(.data)
    pEpInt_OUT                               0x20000990   Data          28  usb_istr.o(.data)
    ProtocolValue                            0x200009ac   Data           4  usb_prop.o(.data)
    Device_Table                             0x200009b0   Data           2  usb_prop.o(.data)
    Device_Property                          0x200009b4   Data          48  usb_prop.o(.data)
    User_Standard_Requests                   0x200009e4   Data          36  usb_prop.o(.data)
    Device_Descriptor                        0x20000a08   Data           8  usb_prop.o(.data)
    Config_Descriptor                        0x20000a10   Data           8  usb_prop.o(.data)
    Joystick_Report_Descriptor               0x20000a18   Data           8  usb_prop.o(.data)
    Mouse_Hid_Descriptor                     0x20000a20   Data           8  usb_prop.o(.data)
    String_Descriptor                        0x20000a28   Data          32  usb_prop.o(.data)
    bDeviceState                             0x20000a48   Data           4  usb_pwr.o(.data)
    fSuspendEnabled                          0x20000a4c   Data           1  usb_pwr.o(.data)
    ResumeS                                  0x20000a4d   Data           2  usb_pwr.o(.data)
    remotewakeupon                           0x20000a50   Data           4  usb_pwr.o(.data)
    StatusInfo                               0x20000a54   Data           2  usb_core.o(.data)
    Data_Mul_MaxPacketSize                   0x20000a56   Data           1  usb_core.o(.data)
    EPindex                                  0x20000a58   Data           1  usb_init.o(.data)
    pInformation                             0x20000a5c   Data           4  usb_init.o(.data)
    pProperty                                0x20000a60   Data           4  usb_init.o(.data)
    SaveState                                0x20000a64   Data           2  usb_init.o(.data)
    wInterrupt_Mask                          0x20000a66   Data           2  usb_init.o(.data)
    pUser_Standard_Requests                  0x20000a68   Data           4  usb_init.o(.data)
    SaveRState                               0x20000a6c   Data           2  usb_int.o(.data)
    SaveTState                               0x20000a6e   Data           2  usb_int.o(.data)
    FLASH_SECTOR_COUNT                       0x20000a70   Data           2  diskio.o(.data)
    mallco_dev                               0x20000a7c   Data          20  malloc_1.o(.data)
    read_data                                0x20000a90   Data         512  main.o(.bss)
    OLED_GRAM                                0x20000c90   Data         576  oled.o(.bss)
    sendbuff                                 0x20000ed0   Data         256  oled.o(.bss)
    W25QXX_BUFFER                            0x20000fd0   Data        4096  w25qxx.o(.bss)
    fsObject                                 0x20001fd0   Data         572  myfatfs.o(.bss)
    fileinfo                                 0x20002210   Data         288  myfatfs.o(.bss)
    dir                                      0x20002330   Data          80  myfatfs.o(.bss)
    Buffs                                    0x20002380   Data        4096  myfatfs.o(.bss)
    USART_RX_BUF                             0x20003380   Data         200  usart.o(.bss)
    EP                                       0x20003448   Data          32  usb_pwr.o(.bss)
    Device_Info                              0x20003468   Data          28  usb_init.o(.bss)
    __initial_sp                             0x2000e4c0   Data           0  startup_stm32f10x_hd.o(STACK)



==============================================================================

Memory Map of the image

  Image Entry point : 0x08000131

  Load Region LR_IROM1 (Base: 0x08000000, Size: 0x00035958, Max: 0x00080000, ABSOLUTE, COMPRESSED[0x00035274])

    Execution Region ER_IROM1 (Exec base: 0x08000000, Load base: 0x08000000, Size: 0x00034ec8, Max: 0x00080000, ABSOLUTE)

    Exec Addr    Load Addr    Size         Type   Attr      Idx    E Section Name        Object

    0x08000000   0x08000000   0x00000130   Data   RO          430    RESET               startup_stm32f10x_hd.o
    0x08000130   0x08000130   0x00000000   Code   RO          813  * .ARM.Collect$$$$00000000  mc_w.l(entry.o)
    0x08000130   0x08000130   0x00000004   Code   RO         1089    .ARM.Collect$$$$00000001  mc_w.l(entry2.o)
    0x08000134   0x08000134   0x00000004   Code   RO         1092    .ARM.Collect$$$$00000004  mc_w.l(entry5.o)
    0x08000138   0x08000138   0x00000000   Code   RO         1094    .ARM.Collect$$$$00000008  mc_w.l(entry7b.o)
    0x08000138   0x08000138   0x00000000   Code   RO         1096    .ARM.Collect$$$$0000000A  mc_w.l(entry8b.o)
    0x08000138   0x08000138   0x00000008   Code   RO         1097    .ARM.Collect$$$$0000000B  mc_w.l(entry9a.o)
    0x08000140   0x08000140   0x00000004   Code   RO         1104    .ARM.Collect$$$$0000000E  mc_w.l(entry12b.o)
    0x08000144   0x08000144   0x00000000   Code   RO         1099    .ARM.Collect$$$$0000000F  mc_w.l(entry10a.o)
    0x08000144   0x08000144   0x00000000   Code   RO         1101    .ARM.Collect$$$$00000011  mc_w.l(entry11a.o)
    0x08000144   0x08000144   0x00000004   Code   RO         1090    .ARM.Collect$$$$00002712  mc_w.l(entry2.o)
    0x08000148   0x08000148   0x000001dc   Code   RO            1    .text               main.o
    0x08000324   0x08000324   0x0000001a   Code   RO          211    .text               stm32f10x_it.o
    0x0800033e   0x0800033e   0x00000002   PAD
    0x08000340   0x08000340   0x000001e0   Code   RO          252    .text               system_stm32f10x.o
    0x08000520   0x08000520   0x000001e4   Code   RO          270    .text               matrixkeys.o
    0x08000704   0x08000704   0x000004ba   Code   RO          284    .text               oled.o
    0x08000bbe   0x08000bbe   0x00000002   PAD
    0x08000bc0   0x08000bc0   0x00000208   Code   RO          311    .text               ec11.o
    0x08000dc8   0x08000dc8   0x00000460   Code   RO          326    .text               w25qxx.o
    0x08001228   0x08001228   0x000001bc   Code   RO          348    .text               myfatfs.o
    0x080013e4   0x080013e4   0x000000d4   Code   RO          364    .text               delay.o
    0x080014b8   0x080014b8   0x0000013c   Code   RO          395    .text               usart.o
    0x080015f4   0x080015f4   0x00000024   Code   RO          431    .text               startup_stm32f10x_hd.o
    0x08001618   0x08001618   0x000000dc   Code   RO          435    .text               misc.o
    0x080016f4   0x080016f4   0x0000035c   Code   RO          447    .text               stm32f10x_gpio.o
    0x08001a50   0x08001a50   0x000003a4   Code   RO          459    .text               stm32f10x_rcc.o
    0x08001df4   0x08001df4   0x00000408   Code   RO          473    .text               stm32f10x_usart.o
    0x080021fc   0x080021fc   0x0000011c   Code   RO          485    .text               stm32f10x_exti.o
    0x08002318   0x08002318   0x0000030c   Code   RO          497    .text               stm32f10x_spi.o
    0x08002624   0x08002624   0x00000254   Code   RO          509    .text               stm32f10x_dma.o
    0x08002878   0x08002878   0x0000010c   Code   RO          521    .text               hw_config.o
    0x08002984   0x08002984   0x00000014   Code   RO          537    .text               stm32_it.o
    0x08002998   0x08002998   0x0000000c   Code   RO          565    .text               usb_endp.o
    0x080029a4   0x080029a4   0x000001cc   Code   RO          578    .text               usb_istr.o
    0x08002b70   0x08002b70   0x0000021c   Code   RO          596    .text               usb_prop.o
    0x08002d8c   0x08002d8c   0x00000220   Code   RO          619    .text               usb_pwr.o
    0x08002fac   0x08002fac   0x00000b50   Code   RO          638    .text               usb_core.o
    0x08003afc   0x08003afc   0x0000003c   Code   RO          653    .text               usb_init.o
    0x08003b38   0x08003b38   0x0000033c   Code   RO          676    .text               usb_int.o
    0x08003e74   0x08003e74   0x0000005c   Code   RO          700    .text               usb_mem.o
    0x08003ed0   0x08003ed0   0x00000808   Code   RO          712    .text               usb_regs.o
    0x080046d8   0x080046d8   0x00000080   Code   RO          724    .text               usb_sil.o
    0x08004758   0x08004758   0x000000ec   Code   RO          736    .text               diskio.o
    0x08004844   0x08004844   0x0000523a   Code   RO          758    .text               ff.o
    0x08009a7e   0x08009a7e   0x00000002   PAD
    0x08009a80   0x08009a80   0x0000018c   Code   RO          779    .text               ffunicode.o
    0x08009c0c   0x08009c0c   0x0000021c   Code   RO          793    .text               malloc_1.o
    0x08009e28   0x08009e28   0x00000062   Code   RO          816    .text               mc_w.l(uldiv.o)
    0x08009e8a   0x08009e8a   0x00000024   Code   RO          818    .text               mc_w.l(memcpya.o)
    0x08009eae   0x08009eae   0x00000024   Code   RO          820    .text               mc_w.l(memseta.o)
    0x08009ed2   0x08009ed2   0x00000014   Code   RO          822    .text               mc_w.l(strchr.o)
    0x08009ee6   0x08009ee6   0x0000001a   Code   RO          824    .text               mc_w.l(memcmp.o)
    0x08009f00   0x08009f00   0x0000002c   Code   RO         1105    .text               mc_w.l(uidiv.o)
    0x08009f2c   0x08009f2c   0x0000001e   Code   RO         1107    .text               mc_w.l(llshl.o)
    0x08009f4a   0x08009f4a   0x00000020   Code   RO         1109    .text               mc_w.l(llushr.o)
    0x08009f6a   0x08009f6a   0x00000002   PAD
    0x08009f6c   0x08009f6c   0x00000024   Code   RO         1122    .text               mc_w.l(init.o)
    0x08009f90   0x08009f90   0x00000056   Code   RO         1136    .text               mc_w.l(__dczerorl2.o)
    0x08009fe6   0x08009fe6   0x00000002   PAD
    0x08009fe8   0x08009fe8   0x00000020   Code   RO          917    i.__0printf$3       mc_w.l(printf3.o)
    0x0800a008   0x0800a008   0x0000000e   Code   RO         1130    i.__scatterload_copy  mc_w.l(handlers.o)
    0x0800a016   0x0800a016   0x00000002   Code   RO         1131    i.__scatterload_null  mc_w.l(handlers.o)
    0x0800a018   0x0800a018   0x0000000e   Code   RO         1132    i.__scatterload_zeroinit  mc_w.l(handlers.o)
    0x0800a026   0x0800a026   0x00000002   PAD
    0x0800a028   0x0800a028   0x000001b8   Code   RO          924    i._printf_core      mc_w.l(printf3.o)
    0x0800a1e0   0x0800a1e0   0x000000a9   Data   RO          552    .constdata          usb_desc.o
    0x0800a289   0x0800a289   0x00000003   PAD
    0x0800a28c   0x0800a28c   0x00000058   Data   RO          759    .constdata          ff.o
    0x0800a2e4   0x0800a2e4   0x0002abb6   Data   RO          780    .constdata          ffunicode.o
    0x08034e9a   0x08034e9a   0x00000002   PAD
    0x08034e9c   0x08034e9c   0x0000000c   Data   RO          795    .constdata          malloc_1.o
    0x08034ea8   0x08034ea8   0x00000020   Data   RO         1128    Region$$Table       anon$$obj.o


    Execution Region RW_IRAM1 (Exec base: 0x20000000, Load base: 0x08034ec8, Size: 0x0000e4c0, Max: 0x00010000, ABSOLUTE, COMPRESSED[0x000003ac])

    Exec Addr    Load Addr    Size         Type   Attr      Idx    E Section Name        Object

    0x20000000   COMPRESSED   0x000008d3   Data   RW            3    .data               main.o
    0x200008d3   COMPRESSED   0x00000001   PAD
    0x200008d4   COMPRESSED   0x00000014   Data   RW          253    .data               system_stm32f10x.o
    0x200008e8   COMPRESSED   0x00000002   Data   RW          271    .data               matrixkeys.o
    0x200008ea   COMPRESSED   0x00000002   PAD
    0x200008ec   COMPRESSED   0x0000000c   Data   RW          287    .data               oled.o
    0x200008f8   COMPRESSED   0x00000010   Data   RW          312    .data               ec11.o
    0x20000908   COMPRESSED   0x00000002   Data   RW          328    .data               w25qxx.o
    0x2000090a   COMPRESSED   0x00000002   PAD
    0x2000090c   COMPRESSED   0x00000018   Data   RW          350    .data               myfatfs.o
    0x20000924   COMPRESSED   0x00000004   Data   RW          365    .data               delay.o
    0x20000928   COMPRESSED   0x00000006   Data   RW          397    .data               usart.o
    0x2000092e   COMPRESSED   0x00000014   Data   RW          460    .data               stm32f10x_rcc.o
    0x20000942   COMPRESSED   0x00000002   PAD
    0x20000944   COMPRESSED   0x00000008   Data   RW          522    .data               hw_config.o
    0x2000094c   COMPRESSED   0x0000001a   Data   RW          553    .data               usb_desc.o
    0x20000966   COMPRESSED   0x00000002   PAD
    0x20000968   COMPRESSED   0x00000044   Data   RW          579    .data               usb_istr.o
    0x200009ac   COMPRESSED   0x0000009c   Data   RW          597    .data               usb_prop.o
    0x20000a48   COMPRESSED   0x0000000c   Data   RW          621    .data               usb_pwr.o
    0x20000a54   COMPRESSED   0x00000003   Data   RW          639    .data               usb_core.o
    0x20000a57   COMPRESSED   0x00000001   PAD
    0x20000a58   COMPRESSED   0x00000014   Data   RW          655    .data               usb_init.o
    0x20000a6c   COMPRESSED   0x00000004   Data   RW          677    .data               usb_int.o
    0x20000a70   COMPRESSED   0x00000002   Data   RW          737    .data               diskio.o
    0x20000a72   COMPRESSED   0x00000002   PAD
    0x20000a74   COMPRESSED   0x00000006   Data   RW          760    .data               ff.o
    0x20000a7a   COMPRESSED   0x00000002   PAD
    0x20000a7c   COMPRESSED   0x00000014   Data   RW          796    .data               malloc_1.o
    0x20000a90        -       0x00000200   Zero   RW            2    .bss                main.o
    0x20000c90        -       0x00000340   Zero   RW          285    .bss                oled.o
    0x20000fd0        -       0x00001000   Zero   RW          327    .bss                w25qxx.o
    0x20001fd0        -       0x000013b0   Zero   RW          349    .bss                myfatfs.o
    0x20003380        -       0x000000c8   Zero   RW          396    .bss                usart.o
    0x20003448        -       0x00000020   Zero   RW          620    .bss                usb_pwr.o
    0x20003468        -       0x0000001c   Zero   RW          654    .bss                usb_init.o
    0x20003484   COMPRESSED   0x0000003c   PAD
    0x200034c0        -       0x0000aa00   Zero   RW          794    .bss                malloc_1.o
    0x2000dec0        -       0x00000600   Zero   RW          428    STACK               startup_stm32f10x_hd.o


==============================================================================

Image component sizes


      Code (inc. data)   RO Data    RW Data    ZI Data      Debug   Object Name

       212         18          0          4          0       1083   delay.o
       236          6          0          2          0       3862   diskio.o
       520         68          0         16          0       2468   ec11.o
     21050        192         88          6          0      62579   ff.o
       396         28     175030          0          0       2300   ffunicode.o
       268         22          0          8          0       2470   hw_config.o
       476         40          0       2259        512     270543   main.o
       540         16         12         20      43520       4589   malloc_1.o
       484         12          0          2          0       2295   matrixkeys.o
       220         22          0          0          0       1841   misc.o
       444        172          0         24       5040       1891   myfatfs.o
      1210         20          0         12        832       5266   oled.o
        36          8        304          0       1536        804   startup_stm32f10x_hd.o
        20          0          0          0          0        638   stm32_it.o
       596          8          0          0          0       4406   stm32f10x_dma.o
       284         10          0          0          0       2295   stm32f10x_exti.o
       860         38          0          0          0       5773   stm32f10x_gpio.o
        26          0          0          0          0       1202   stm32f10x_it.o
       932         36          0         20          0       8972   stm32f10x_rcc.o
       780         14          0          0          0       6654   stm32f10x_spi.o
      1032         22          0          0          0       8500   stm32f10x_usart.o
         0          0          0          0          0         32   sys.o
       480         38          0         20          0       1803   system_stm32f10x.o
       316         18          0          6        200       3072   usart.o
      2896        114          0          3          0       8243   usb_core.o
         0          0        169         26          0       1109   usb_desc.o
        12          4          0          0          0        454   usb_endp.o
        60         24          0         20         28       4274   usb_init.o
       828         34          0          4          0       2039   usb_int.o
       460         38          0         68          0       1679   usb_istr.o
        92          6          0          0          0       1498   usb_mem.o
       540         46          0        156          0       7730   usb_prop.o
       544         42          0         12         32       2878   usb_pwr.o
      2056         20          0          0          0      12081   usb_regs.o
       128          8          0          0          0       1562   usb_sil.o
      1120         20          0          2       4096       5092   w25qxx.o

    ----------------------------------------------------------------------
     40160       1164     175640       2704      55856     453977   Object Totals
         0          0         32          0          0          0   (incl. Generated)
         6          0          5         14         60          0   (incl. Padding)

    ----------------------------------------------------------------------

      Code (inc. data)   RO Data    RW Data    ZI Data      Debug   Library Member Name

        86          0          0          0          0          0   __dczerorl2.o
         0          0          0          0          0          0   entry.o
         0          0          0          0          0          0   entry10a.o
         0          0          0          0          0          0   entry11a.o
         4          0          0          0          0          0   entry12b.o
         8          4          0          0          0          0   entry2.o
         4          0          0          0          0          0   entry5.o
         0          0          0          0          0          0   entry7b.o
         0          0          0          0          0          0   entry8b.o
         8          4          0          0          0          0   entry9a.o
        30          0          0          0          0          0   handlers.o
        36          8          0          0          0         68   init.o
        30          0          0          0          0         68   llshl.o
        32          0          0          0          0         68   llushr.o
        26          0          0          0          0         80   memcmp.o
        36          0          0          0          0         68   memcpya.o
        36          0          0          0          0        108   memseta.o
       472         14          0          0          0        184   printf3.o
        20          0          0          0          0         68   strchr.o
        44          0          0          0          0         80   uidiv.o
        98          0          0          0          0         92   uldiv.o

    ----------------------------------------------------------------------
       976         30          0          0          0        884   Library Totals
         6          0          0          0          0          0   (incl. Padding)

    ----------------------------------------------------------------------

      Code (inc. data)   RO Data    RW Data    ZI Data      Debug   Library Name

       970         30          0          0          0        884   mc_w.l

    ----------------------------------------------------------------------
       976         30          0          0          0        884   Library Totals

    ----------------------------------------------------------------------

==============================================================================


      Code (inc. data)   RO Data    RW Data    ZI Data      Debug   

     41136       1194     175640       2704      55856     451817   Grand Totals
     41136       1194     175640        940      55856     451817   ELF Image Totals (compressed)
     41136       1194     175640        940          0          0   ROM Totals

==============================================================================

    Total RO  Size (Code + RO Data)               216776 ( 211.70kB)
    Total RW  Size (RW Data + ZI Data)             58560 (  57.19kB)
    Total ROM Size (Code + RO Data + RW Data)     217716 ( 212.61kB)

==============================================================================

